Component: ARM Compiler 5.06 update 7 (build 960) Tool: armlink [4d3601]

==============================================================================

Section Cross References

    main.o(i.main) refers to systick.o(i.systick_config) for systick_config
    main.o(i.main) refers to gd32f20x_rcu.o(i.rcu_periph_clock_enable) for rcu_periph_clock_enable
    main.o(i.main) refers to gd32f20x_gpio.o(i.gpio_init) for gpio_init
    main.o(i.main) refers to gd32f20x_gpio.o(i.gpio_bit_reset) for gpio_bit_reset
    main.o(i.main) refers to gd32f20x_gpio.o(i.gpio_bit_set) for gpio_bit_set
    main.o(i.main) refers to systick.o(i.delay_ms) for delay_ms
    systick.o(i.delay_1ms) refers to systick.o(.data) for delay
    systick.o(i.delay_decrement) refers to systick.o(.data) for delay
    systick.o(i.delay_ms) refers to systick.o(.data) for fac_ms
    systick.o(i.systick_config) refers to gd32f20x_misc.o(i.systick_clksource_set) for systick_clksource_set
    systick.o(i.systick_config) refers to system_gd32f20x.o(.data) for SystemCoreClock
    systick.o(i.systick_config) refers to systick.o(.data) for fac_us
    gd32f20x_adc.o(i.adc_deinit) refers to gd32f20x_rcu.o(i.rcu_periph_reset_enable) for rcu_periph_reset_enable
    gd32f20x_adc.o(i.adc_deinit) refers to gd32f20x_rcu.o(i.rcu_periph_reset_disable) for rcu_periph_reset_disable
    gd32f20x_bkp.o(i.bkp_deinit) refers to gd32f20x_rcu.o(i.rcu_bkp_reset_enable) for rcu_bkp_reset_enable
    gd32f20x_bkp.o(i.bkp_deinit) refers to gd32f20x_rcu.o(i.rcu_bkp_reset_disable) for rcu_bkp_reset_disable
    gd32f20x_can.o(i.can_debug_freeze_disable) refers to gd32f20x_dbg.o(i.dbg_periph_disable) for dbg_periph_disable
    gd32f20x_can.o(i.can_debug_freeze_enable) refers to gd32f20x_dbg.o(i.dbg_periph_enable) for dbg_periph_enable
    gd32f20x_can.o(i.can_deinit) refers to gd32f20x_rcu.o(i.rcu_periph_reset_enable) for rcu_periph_reset_enable
    gd32f20x_can.o(i.can_deinit) refers to gd32f20x_rcu.o(i.rcu_periph_reset_disable) for rcu_periph_reset_disable
    gd32f20x_can.o(i.can_interrupt_flag_get) refers to gd32f20x_can.o(i.can_receive_message_length_get) for can_receive_message_length_get
    gd32f20x_can.o(i.can_interrupt_flag_get) refers to gd32f20x_can.o(i.can_error_get) for can_error_get
    gd32f20x_cau.o(i.cau_deinit) refers to gd32f20x_rcu.o(i.rcu_periph_reset_enable) for rcu_periph_reset_enable
    gd32f20x_cau.o(i.cau_deinit) refers to gd32f20x_rcu.o(i.rcu_periph_reset_disable) for rcu_periph_reset_disable
    gd32f20x_cau_aes.o(i.cau_aes_calculate) refers to gd32f20x_cau.o(i.cau_enable_state_get) for cau_enable_state_get
    gd32f20x_cau_aes.o(i.cau_aes_calculate) refers to gd32f20x_cau.o(i.cau_data_write) for cau_data_write
    gd32f20x_cau_aes.o(i.cau_aes_calculate) refers to gd32f20x_cau.o(i.cau_flag_get) for cau_flag_get
    gd32f20x_cau_aes.o(i.cau_aes_calculate) refers to gd32f20x_cau.o(i.cau_data_read) for cau_data_read
    gd32f20x_cau_aes.o(i.cau_aes_cbc) refers to gd32f20x_cau.o(i.cau_key_parameter_init) for cau_key_parameter_init
    gd32f20x_cau_aes.o(i.cau_aes_cbc) refers to gd32f20x_cau_aes.o(i.cau_aes_key_config) for cau_aes_key_config
    gd32f20x_cau_aes.o(i.cau_aes_cbc) refers to gd32f20x_cau.o(i.cau_key_init) for cau_key_init
    gd32f20x_cau_aes.o(i.cau_aes_cbc) refers to gd32f20x_cau.o(i.cau_fifo_flush) for cau_fifo_flush
    gd32f20x_cau_aes.o(i.cau_aes_cbc) refers to gd32f20x_cau.o(i.cau_init) for cau_init
    gd32f20x_cau_aes.o(i.cau_aes_cbc) refers to gd32f20x_cau.o(i.cau_enable) for cau_enable
    gd32f20x_cau_aes.o(i.cau_aes_cbc) refers to gd32f20x_cau.o(i.cau_flag_get) for cau_flag_get
    gd32f20x_cau_aes.o(i.cau_aes_cbc) refers to gd32f20x_cau.o(i.cau_iv_init) for cau_iv_init
    gd32f20x_cau_aes.o(i.cau_aes_cbc) refers to gd32f20x_cau_aes.o(i.cau_aes_calculate) for cau_aes_calculate
    gd32f20x_cau_aes.o(i.cau_aes_cbc) refers to gd32f20x_cau.o(i.cau_disable) for cau_disable
    gd32f20x_cau_aes.o(i.cau_aes_ctr) refers to gd32f20x_cau.o(i.cau_key_parameter_init) for cau_key_parameter_init
    gd32f20x_cau_aes.o(i.cau_aes_ctr) refers to gd32f20x_cau.o(i.cau_init) for cau_init
    gd32f20x_cau_aes.o(i.cau_aes_ctr) refers to gd32f20x_cau_aes.o(i.cau_aes_key_config) for cau_aes_key_config
    gd32f20x_cau_aes.o(i.cau_aes_ctr) refers to gd32f20x_cau.o(i.cau_key_init) for cau_key_init
    gd32f20x_cau_aes.o(i.cau_aes_ctr) refers to gd32f20x_cau.o(i.cau_iv_init) for cau_iv_init
    gd32f20x_cau_aes.o(i.cau_aes_ctr) refers to gd32f20x_cau.o(i.cau_fifo_flush) for cau_fifo_flush
    gd32f20x_cau_aes.o(i.cau_aes_ctr) refers to gd32f20x_cau.o(i.cau_enable) for cau_enable
    gd32f20x_cau_aes.o(i.cau_aes_ctr) refers to gd32f20x_cau_aes.o(i.cau_aes_calculate) for cau_aes_calculate
    gd32f20x_cau_aes.o(i.cau_aes_ctr) refers to gd32f20x_cau.o(i.cau_disable) for cau_disable
    gd32f20x_cau_aes.o(i.cau_aes_ecb) refers to gd32f20x_cau.o(i.cau_key_parameter_init) for cau_key_parameter_init
[...]
    Removing gd32f20x_adc.o(i.adc_interrupt_enable), (44 bytes).
    Removing gd32f20x_adc.o(i.adc_interrupt_flag_clear), (8 bytes).
    Removing gd32f20x_adc.o(i.adc_interrupt_flag_get), (88 bytes).
    Removing gd32f20x_adc.o(i.adc_mode_config), (28 bytes).
    Removing gd32f20x_adc.o(i.adc_oversample_mode_config), (56 bytes).
    Removing gd32f20x_adc.o(i.adc_oversample_mode_disable), (14 bytes).
    Removing gd32f20x_adc.o(i.adc_oversample_mode_enable), (14 bytes).
    Removing gd32f20x_adc.o(i.adc_regular_channel_config), (172 bytes).
    Removing gd32f20x_adc.o(i.adc_regular_data_read), (8 bytes).
    Removing gd32f20x_adc.o(i.adc_resolution_config), (20 bytes).
    Removing gd32f20x_adc.o(i.adc_software_trigger_enable), (30 bytes).
    Removing gd32f20x_adc.o(i.adc_special_function_config), (90 bytes).
    Removing gd32f20x_adc.o(i.adc_sync_mode_convert_value_read), (12 bytes).
    Removing gd32f20x_adc.o(i.adc_tempsensor_vrefint_disable), (20 bytes).
    Removing gd32f20x_adc.o(i.adc_tempsensor_vrefint_enable), (20 bytes).
    Removing gd32f20x_adc.o(i.adc_watchdog_disable), (16 bytes).
    Removing gd32f20x_adc.o(i.adc_watchdog_group_channel_enable), (64 bytes).
    Removing gd32f20x_adc.o(i.adc_watchdog_single_channel_enable), (32 bytes).
    Removing gd32f20x_adc.o(i.adc_watchdog_threshold_config), (14 bytes).
    Removing gd32f20x_bkp.o(.rev16_text), (4 bytes).
    Removing gd32f20x_bkp.o(.revsh_text), (4 bytes).
    Removing gd32f20x_bkp.o(i.bkp_data_read), (56 bytes).
    Removing gd32f20x_bkp.o(i.bkp_data_write), (52 bytes).
    Removing gd32f20x_bkp.o(i.bkp_deinit), (12 bytes).
    Removing gd32f20x_bkp.o(i.bkp_flag_clear), (44 bytes).
    Removing gd32f20x_bkp.o(i.bkp_flag_get), (24 bytes).
    Removing gd32f20x_bkp.o(i.bkp_interrupt_flag_clear), (44 bytes).
    Removing gd32f20x_bkp.o(i.bkp_interrupt_flag_get), (24 bytes).
    Removing gd32f20x_bkp.o(i.bkp_rtc_calibration_output_disable), (20 bytes).
    Removing gd32f20x_bkp.o(i.bkp_rtc_calibration_output_enable), (20 bytes).
    Removing gd32f20x_bkp.o(i.bkp_rtc_calibration_value_set), (24 bytes).
    Removing gd32f20x_bkp.o(i.bkp_rtc_clock_calibration_direction), (24 bytes).
    Removing gd32f20x_bkp.o(i.bkp_rtc_clock_output_select), (28 bytes).
    Removing gd32f20x_bkp.o(i.bkp_rtc_output_select), (28 bytes).
    Removing gd32f20x_bkp.o(i.bkp_rtc_signal_output_disable), (20 bytes).
    Removing gd32f20x_bkp.o(i.bkp_rtc_signal_output_enable), (20 bytes).
    Removing gd32f20x_bkp.o(i.bkp_tamper_active_level_set), (60 bytes).
    Removing gd32f20x_bkp.o(i.bkp_tamper_detection_disable), (44 bytes).
    Removing gd32f20x_bkp.o(i.bkp_tamper_detection_enable), (40 bytes).
    Removing gd32f20x_bkp.o(i.bkp_tamper_interrupt_disable), (48 bytes).
    Removing gd32f20x_bkp.o(i.bkp_tamper_interrupt_enable), (44 bytes).
    Removing gd32f20x_bkp.o(i.bkp_waveform_detect_config), (96 bytes).
    Removing gd32f20x_can.o(.rev16_text), (4 bytes).
    Removing gd32f20x_can.o(.revsh_text), (4 bytes).
    Removing gd32f20x_can.o(i.can1_filter_start_bank), (56 bytes).
    Removing gd32f20x_can.o(i.can_debug_freeze_disable), (40 bytes).
    Removing gd32f20x_can.o(i.can_debug_freeze_enable), (40 bytes).
    Removing gd32f20x_can.o(i.can_deinit), (52 bytes).
    Removing gd32f20x_can.o(i.can_error_get), (12 bytes).
    Removing gd32f20x_can.o(i.can_fifo_release), (32 bytes).
    Removing gd32f20x_can.o(i.can_filter_init), (272 bytes).
    Removing gd32f20x_can.o(i.can_flag_clear), (52 bytes).
    Removing gd32f20x_can.o(i.can_flag_get), (30 bytes).
    Removing gd32f20x_can.o(i.can_init), (290 bytes).
    Removing gd32f20x_can.o(i.can_interrupt_disable), (8 bytes).
    Removing gd32f20x_can.o(i.can_interrupt_enable), (8 bytes).
    Removing gd32f20x_can.o(i.can_interrupt_flag_clear), (56 bytes).
    Removing gd32f20x_can.o(i.can_interrupt_flag_get), (116 bytes).
    Removing gd32f20x_can.o(i.can_message_receive), (228 bytes).
    Removing gd32f20x_can.o(i.can_message_transmit), (336 bytes).
    Removing gd32f20x_can.o(i.can_receive_error_number_get), (8 bytes).
    Removing gd32f20x_can.o(i.can_receive_message_length_get), (26 bytes).
    Removing gd32f20x_can.o(i.can_struct_para_init), (164 bytes).
    Removing gd32f20x_can.o(i.can_time_trigger_mode_disable), (48 bytes).
    Removing gd32f20x_can.o(i.can_time_trigger_mode_enable), (48 bytes).
    Removing gd32f20x_can.o(i.can_transmission_stop), (80 bytes).
    Removing gd32f20x_can.o(i.can_transmit_error_number_get), (10 bytes).
    Removing gd32f20x_can.o(i.can_transmit_states), (124 bytes).
    Removing gd32f20x_can.o(i.can_wakeup), (48 bytes).
    Removing gd32f20x_can.o(i.can_working_mode_set), (168 bytes).
    Removing gd32f20x_cau.o(.rev16_text), (4 bytes).
    Removing gd32f20x_cau.o(.revsh_text), (4 bytes).
    Removing gd32f20x_cau.o(i.cau_aes_keysize_config), (28 bytes).
    Removing gd32f20x_cau.o(i.cau_data_read), (12 bytes).
    Removing gd32f20x_cau.o(i.cau_data_write), (12 bytes).
    Removing gd32f20x_cau.o(i.cau_deinit), (20 bytes).
    Removing gd32f20x_cau.o(i.cau_disable), (20 bytes).
    Removing gd32f20x_cau.o(i.cau_dma_disable), (16 bytes).
    Removing gd32f20x_cau.o(i.cau_dma_enable), (16 bytes).
    Removing gd32f20x_cau.o(i.cau_enable), (20 bytes).
    Removing gd32f20x_cau.o(i.cau_enable_state_get), (20 bytes).
    Removing gd32f20x_cau.o(i.cau_fifo_flush), (20 bytes).
    Removing gd32f20x_cau.o(i.cau_flag_get), (36 bytes).
    Removing gd32f20x_cau.o(i.cau_init), (64 bytes).
    Removing gd32f20x_cau.o(i.cau_interrupt_disable), (16 bytes).
    Removing gd32f20x_cau.o(i.cau_interrupt_enable), (16 bytes).
    Removing gd32f20x_cau.o(i.cau_interrupt_flag_get), (20 bytes).
    Removing gd32f20x_cau.o(i.cau_iv_init), (24 bytes).
    Removing gd32f20x_cau.o(i.cau_iv_parameter_init), (12 bytes).
    Removing gd32f20x_cau.o(i.cau_key_init), (40 bytes).
    Removing gd32f20x_cau.o(i.cau_key_parameter_init), (20 bytes).
    Removing gd32f20x_cau_aes.o(.rev16_text), (4 bytes).
    Removing gd32f20x_cau_aes.o(.revsh_text), (4 bytes).
    Removing gd32f20x_cau_aes.o(i.cau_aes_calculate), (162 bytes).
    Removing gd32f20x_cau_aes.o(i.cau_aes_cbc), (188 bytes).
    Removing gd32f20x_cau_aes.o(i.cau_aes_ctr), (120 bytes).
    Removing gd32f20x_cau_aes.o(i.cau_aes_ecb), (148 bytes).
    Removing gd32f20x_cau_aes.o(i.cau_aes_key_config), (202 bytes).
    Removing gd32f20x_cau_des.o(.rev16_text), (4 bytes).
    Removing gd32f20x_cau_des.o(.revsh_text), (4 bytes).
    Removing gd32f20x_cau_des.o(i.cau_des_calculate), (130 bytes).
    Removing gd32f20x_cau_des.o(i.cau_des_cbc), (114 bytes).
    Removing gd32f20x_cau_des.o(i.cau_des_ecb), (84 bytes).
    Removing gd32f20x_cau_tdes.o(.rev16_text), (4 bytes).
    Removing gd32f20x_cau_tdes.o(.revsh_text), (4 bytes).
    Removing gd32f20x_cau_tdes.o(i.cau_tdes_calculate), (130 bytes).
    Removing gd32f20x_cau_tdes.o(i.cau_tdes_cbc), (146 bytes).
    Removing gd32f20x_cau_tdes.o(i.cau_tdes_ecb), (116 bytes).
    Removing gd32f20x_crc.o(.rev16_text), (4 bytes).
    Removing gd32f20x_crc.o(.revsh_text), (4 bytes).
    Removing gd32f20x_crc.o(i.crc_block_data_calculate), (36 bytes).
    Removing gd32f20x_crc.o(i.crc_data_register_read), (12 bytes).
    Removing gd32f20x_crc.o(i.crc_data_register_reset), (20 bytes).
    Removing gd32f20x_crc.o(i.crc_deinit), (24 bytes).
    Removing gd32f20x_crc.o(i.crc_free_data_register_read), (12 bytes).
    Removing gd32f20x_crc.o(i.crc_free_data_register_write), (12 bytes).
    Removing gd32f20x_crc.o(i.crc_single_data_calculate), (16 bytes).
    Removing gd32f20x_dac.o(.rev16_text), (4 bytes).
    Removing gd32f20x_dac.o(.revsh_text), (4 bytes).
    Removing gd32f20x_dac.o(i.dac_concurrent_data_set), (48 bytes).
    Removing gd32f20x_dac.o(i.dac_concurrent_disable), (14 bytes).
    Removing gd32f20x_dac.o(i.dac_concurrent_enable), (14 bytes).
    Removing gd32f20x_dac.o(i.dac_concurrent_output_buffer_disable), (14 bytes).
    Removing gd32f20x_dac.o(i.dac_concurrent_output_buffer_enable), (14 bytes).
    Removing gd32f20x_dac.o(i.dac_concurrent_software_trigger_enable), (12 bytes).
    Removing gd32f20x_dac.o(i.dac_data_set), (64 bytes).
    Removing gd32f20x_dac.o(i.dac_deinit), (40 bytes).
    Removing gd32f20x_dac.o(i.dac_disable), (26 bytes).
    Removing gd32f20x_dac.o(i.dac_dma_disable), (26 bytes).
    Removing gd32f20x_dac.o(i.dac_dma_enable), (26 bytes).
    Removing gd32f20x_dac.o(i.dac_enable), (26 bytes).
    Removing gd32f20x_dac.o(i.dac_lfsr_noise_config), (40 bytes).
    Removing gd32f20x_dac.o(i.dac_output_buffer_disable), (26 bytes).
    Removing gd32f20x_dac.o(i.dac_output_buffer_enable), (26 bytes).
    Removing gd32f20x_dac.o(i.dac_output_value_get), (22 bytes).
    Removing gd32f20x_dac.o(i.dac_software_trigger_enable), (26 bytes).
    Removing gd32f20x_dac.o(i.dac_triangle_noise_config), (40 bytes).
    Removing gd32f20x_dac.o(i.dac_trigger_disable), (26 bytes).
    Removing gd32f20x_dac.o(i.dac_trigger_enable), (26 bytes).
    Removing gd32f20x_dac.o(i.dac_trigger_source_config), (40 bytes).
    Removing gd32f20x_dac.o(i.dac_wave_mode_config), (40 bytes).
    Removing gd32f20x_dbg.o(.rev16_text), (4 bytes).
    Removing gd32f20x_dbg.o(.revsh_text), (4 bytes).
    Removing gd32f20x_dbg.o(i.dbg_id_get), (12 bytes).
    Removing gd32f20x_dbg.o(i.dbg_low_power_disable), (16 bytes).
    Removing gd32f20x_dbg.o(i.dbg_low_power_enable), (16 bytes).
    Removing gd32f20x_dbg.o(i.dbg_periph_disable), (16 bytes).
    Removing gd32f20x_dbg.o(i.dbg_periph_enable), (16 bytes).
    Removing gd32f20x_dbg.o(i.dbg_trace_pin_disable), (20 bytes).
    Removing gd32f20x_dbg.o(i.dbg_trace_pin_enable), (20 bytes).
    Removing gd32f20x_dbg.o(i.dbg_trace_pin_mode_set), (28 bytes).
    Removing gd32f20x_dci.o(.rev16_text), (4 bytes).
    Removing gd32f20x_dci.o(.revsh_text), (4 bytes).
    Removing gd32f20x_dci.o(i.dci_capture_disable), (20 bytes).
    Removing gd32f20x_dci.o(i.dci_capture_enable), (20 bytes).
    Removing gd32f20x_dci.o(i.dci_crop_window_config), (24 bytes).
    Removing gd32f20x_dci.o(i.dci_crop_window_disable), (20 bytes).
    Removing gd32f20x_dci.o(i.dci_crop_window_enable), (20 bytes).
    Removing gd32f20x_dci.o(i.dci_data_read), (12 bytes).
    Removing gd32f20x_dci.o(i.dci_deinit), (20 bytes).
    Removing gd32f20x_dci.o(i.dci_disable), (20 bytes).
    Removing gd32f20x_dci.o(i.dci_embedded_sync_disable), (20 bytes).
    Removing gd32f20x_dci.o(i.dci_embedded_sync_enable), (20 bytes).
    Removing gd32f20x_dci.o(i.dci_enable), (20 bytes).
    Removing gd32f20x_dci.o(i.dci_flag_get), (36 bytes).
    Removing gd32f20x_dci.o(i.dci_init), (52 bytes).
    Removing gd32f20x_dci.o(i.dci_interrupt_disable), (16 bytes).
    Removing gd32f20x_dci.o(i.dci_interrupt_enable), (16 bytes).
    Removing gd32f20x_dci.o(i.dci_interrupt_flag_clear), (16 bytes).
    Removing gd32f20x_dci.o(i.dci_interrupt_flag_get), (24 bytes).
    Removing gd32f20x_dci.o(i.dci_jpeg_disable), (20 bytes).
    Removing gd32f20x_dci.o(i.dci_jpeg_enable), (20 bytes).
    Removing gd32f20x_dci.o(i.dci_sync_codes_config), (24 bytes).
    Removing gd32f20x_dci.o(i.dci_sync_codes_unmask_config), (24 bytes).
    Removing gd32f20x_dma.o(.rev16_text), (4 bytes).
    Removing gd32f20x_dma.o(.revsh_text), (4 bytes).
    Removing gd32f20x_dma.o(i.dma_1_channel_5_fulldata_transfer_disable), (20 bytes).
    Removing gd32f20x_dma.o(i.dma_1_channel_5_fulldata_transfer_enable), (20 bytes).
    Removing gd32f20x_dma.o(i.dma_channel_disable), (32 bytes).
    Removing gd32f20x_dma.o(i.dma_channel_enable), (32 bytes).
    Removing gd32f20x_dma.o(i.dma_circulation_disable), (32 bytes).
    Removing gd32f20x_dma.o(i.dma_circulation_enable), (32 bytes).
    Removing gd32f20x_dma.o(i.dma_deinit), (120 bytes).
    Removing gd32f20x_dma.o(i.dma_flag_clear), (16 bytes).
    Removing gd32f20x_dma.o(i.dma_flag_get), (24 bytes).
    Removing gd32f20x_dma.o(i.dma_init), (278 bytes).
    Removing gd32f20x_dma.o(i.dma_interrupt_disable), (30 bytes).
    Removing gd32f20x_dma.o(i.dma_interrupt_enable), (30 bytes).
    Removing gd32f20x_dma.o(i.dma_interrupt_flag_clear), (16 bytes).
    Removing gd32f20x_dma.o(i.dma_interrupt_flag_get), (208 bytes).
    Removing gd32f20x_dma.o(i.dma_memory_address_config), (16 bytes).
    Removing gd32f20x_dma.o(i.dma_memory_increase_disable), (32 bytes).
    Removing gd32f20x_dma.o(i.dma_memory_increase_enable), (32 bytes).
    Removing gd32f20x_dma.o(i.dma_memory_to_memory_disable), (32 bytes).
    Removing gd32f20x_dma.o(i.dma_memory_to_memory_enable), (32 bytes).
    Removing gd32f20x_dma.o(i.dma_memory_width_config), (36 bytes).
    Removing gd32f20x_dma.o(i.dma_periph_address_config), (16 bytes).
    Removing gd32f20x_dma.o(i.dma_periph_increase_disable), (32 bytes).
    Removing gd32f20x_dma.o(i.dma_periph_increase_enable), (32 bytes).
    Removing gd32f20x_dma.o(i.dma_periph_width_config), (36 bytes).
    Removing gd32f20x_dma.o(i.dma_priority_config), (36 bytes).
    Removing gd32f20x_dma.o(i.dma_struct_para_init), (22 bytes).
    Removing gd32f20x_dma.o(i.dma_transfer_direction_config), (64 bytes).
    Removing gd32f20x_dma.o(i.dma_transfer_number_config), (18 bytes).
    Removing gd32f20x_dma.o(i.dma_transfer_number_get), (16 bytes).
    Removing gd32f20x_enet.o(.rev16_text), (4 bytes).
    Removing gd32f20x_enet.o(.revsh_text), (4 bytes).
    Removing gd32f20x_enet.o(i.enet_address_filter_config), (32 bytes).
    Removing gd32f20x_enet.o(i.enet_address_filter_disable), (24 bytes).
    Removing gd32f20x_enet.o(i.enet_address_filter_enable), (24 bytes).
    Removing gd32f20x_enet.o(i.enet_current_desc_address_get), (16 bytes).
    Removing gd32f20x_enet.o(i.enet_default_init), (104 bytes).
    Removing gd32f20x_enet.o(i.enet_deinit), (24 bytes).
    Removing gd32f20x_enet.o(i.enet_delay), (24 bytes).
    Removing gd32f20x_enet.o(i.enet_desc_flag_clear), (8 bytes).
    Removing gd32f20x_enet.o(i.enet_desc_flag_get), (14 bytes).
    Removing gd32f20x_enet.o(i.enet_desc_flag_set), (8 bytes).
    Removing gd32f20x_enet.o(i.enet_desc_information_get), (76 bytes).
    Removing gd32f20x_enet.o(i.enet_desc_receive_complete_bit_disable), (10 bytes).
    Removing gd32f20x_enet.o(i.enet_desc_receive_complete_bit_enable), (10 bytes).
    Removing gd32f20x_enet.o(i.enet_descriptors_chain_init), (200 bytes).
    Removing gd32f20x_enet.o(i.enet_descriptors_ring_init), (236 bytes).
    Removing gd32f20x_enet.o(i.enet_disable), (12 bytes).
    Removing gd32f20x_enet.o(i.enet_dma_feature_disable), (16 bytes).
    Removing gd32f20x_enet.o(i.enet_dma_feature_enable), (16 bytes).
    Removing gd32f20x_enet.o(i.enet_dmaprocess_resume), (28 bytes).
    Removing gd32f20x_enet.o(i.enet_dmaprocess_state_get), (16 bytes).
    Removing gd32f20x_enet.o(i.enet_enable), (12 bytes).
    Removing gd32f20x_enet.o(i.enet_flag_clear), (24 bytes).
    Removing gd32f20x_enet.o(i.enet_flag_get), (36 bytes).
    Removing gd32f20x_enet.o(i.enet_fliter_feature_disable), (16 bytes).
    Removing gd32f20x_enet.o(i.enet_fliter_feature_enable), (16 bytes).
    Removing gd32f20x_enet.o(i.enet_flowcontrol_feature_disable), (40 bytes).
    Removing gd32f20x_enet.o(i.enet_flowcontrol_feature_enable), (40 bytes).
    Removing gd32f20x_enet.o(i.enet_flowcontrol_threshold_config), (16 bytes).
    Removing gd32f20x_enet.o(i.enet_forward_feature_disable), (40 bytes).
    Removing gd32f20x_enet.o(i.enet_forward_feature_enable), (40 bytes).
    Removing gd32f20x_enet.o(i.enet_frame_receive), (220 bytes).
    Removing gd32f20x_enet.o(i.enet_frame_transmit), (204 bytes).
    Removing gd32f20x_enet.o(i.enet_init), (840 bytes).
    Removing gd32f20x_enet.o(i.enet_initpara_config), (352 bytes).
    Removing gd32f20x_enet.o(i.enet_initpara_reset), (40 bytes).
    Removing gd32f20x_enet.o(i.enet_interrupt_disable), (72 bytes).
    Removing gd32f20x_enet.o(i.enet_interrupt_enable), (72 bytes).
    Removing gd32f20x_enet.o(i.enet_interrupt_flag_clear), (24 bytes).
    Removing gd32f20x_enet.o(i.enet_interrupt_flag_get), (36 bytes).
    Removing gd32f20x_enet.o(i.enet_mac_address_get), (60 bytes).
    Removing gd32f20x_enet.o(i.enet_mac_address_set), (48 bytes).
    Removing gd32f20x_enet.o(i.enet_missed_frame_counter_get), (24 bytes).
    Removing gd32f20x_enet.o(i.enet_msc_counters_get), (12 bytes).
    Removing gd32f20x_enet.o(i.enet_msc_counters_reset), (24 bytes).
    Removing gd32f20x_enet.o(i.enet_msc_feature_disable), (24 bytes).
    Removing gd32f20x_enet.o(i.enet_msc_feature_enable), (24 bytes).
    Removing gd32f20x_enet.o(i.enet_pauseframe_config), (44 bytes).
    Removing gd32f20x_enet.o(i.enet_pauseframe_detect_config), (28 bytes).
    Removing gd32f20x_enet.o(i.enet_pauseframe_generate), (36 bytes).
    Removing gd32f20x_enet.o(i.enet_phy_config), (196 bytes).
    Removing gd32f20x_enet.o(i.enet_phy_write_read), (156 bytes).
    Removing gd32f20x_enet.o(i.enet_phyloopback_disable), (50 bytes).
    Removing gd32f20x_enet.o(i.enet_phyloopback_enable), (48 bytes).
    Removing gd32f20x_enet.o(i.enet_ptp_coarsecorrection_systime_update), (58 bytes).
    Removing gd32f20x_enet.o(i.enet_ptp_expected_time_config), (16 bytes).
    Removing gd32f20x_enet.o(i.enet_ptp_feature_disable), (16 bytes).
    Removing gd32f20x_enet.o(i.enet_ptp_feature_enable), (16 bytes).
    Removing gd32f20x_enet.o(i.enet_ptp_finecorrection_adjfreq), (18 bytes).
    Removing gd32f20x_enet.o(i.enet_ptp_finecorrection_settime), (42 bytes).
    Removing gd32f20x_enet.o(i.enet_ptp_flag_get), (20 bytes).
    Removing gd32f20x_enet.o(i.enet_ptp_nanosecond_2_subsecond), (36 bytes).
    Removing gd32f20x_enet.o(i.enet_ptp_normal_descriptors_chain_init), (236 bytes).
    Removing gd32f20x_enet.o(i.enet_ptp_normal_descriptors_ring_init), (280 bytes).
    Removing gd32f20x_enet.o(i.enet_ptp_start), (96 bytes).
    Removing gd32f20x_enet.o(i.enet_ptp_subsecond_2_nanosecond), (28 bytes).
    Removing gd32f20x_enet.o(i.enet_ptp_subsecond_increment_config), (12 bytes).
    Removing gd32f20x_enet.o(i.enet_ptp_system_time_get), (44 bytes).
    Removing gd32f20x_enet.o(i.enet_ptp_timestamp_addend_config), (12 bytes).
    Removing gd32f20x_enet.o(i.enet_ptp_timestamp_function_config), (204 bytes).
    Removing gd32f20x_enet.o(i.enet_ptp_timestamp_update_config), (24 bytes).
    Removing gd32f20x_enet.o(i.enet_ptpframe_receive_normal_mode), (312 bytes).
    Removing gd32f20x_enet.o(i.enet_ptpframe_transmit_normal_mode), (444 bytes).
    Removing gd32f20x_enet.o(i.enet_registers_get), (56 bytes).
    Removing gd32f20x_enet.o(i.enet_rx_disable), (36 bytes).
    Removing gd32f20x_enet.o(i.enet_rx_enable), (36 bytes).
    Removing gd32f20x_enet.o(i.enet_rxframe_drop), (172 bytes).
    Removing gd32f20x_enet.o(i.enet_rxframe_size_get), (128 bytes).
    Removing gd32f20x_enet.o(i.enet_rxprocess_check_recovery), (48 bytes).
    Removing gd32f20x_enet.o(i.enet_software_reset), (60 bytes).
    Removing gd32f20x_enet.o(i.enet_transmit_checksum_config), (16 bytes).
    Removing gd32f20x_enet.o(i.enet_tx_disable), (40 bytes).
    Removing gd32f20x_enet.o(i.enet_tx_enable), (40 bytes).
    Removing gd32f20x_enet.o(i.enet_txfifo_flush), (52 bytes).
    Removing gd32f20x_enet.o(i.enet_wum_feature_disable), (16 bytes).
    Removing gd32f20x_enet.o(i.enet_wum_feature_enable), (16 bytes).
    Removing gd32f20x_enet.o(i.enet_wum_filter_config), (28 bytes).
    Removing gd32f20x_enet.o(i.enet_wum_filter_register_pointer_reset), (20 bytes).
    Removing gd32f20x_enet.o(.bss), (15460 bytes).
    Removing gd32f20x_enet.o(.constdata), (108 bytes).
    Removing gd32f20x_enet.o(.data), (20 bytes).
    Removing gd32f20x_exmc.o(.rev16_text), (4 bytes).
    Removing gd32f20x_exmc.o(.revsh_text), (4 bytes).
    Removing gd32f20x_exmc.o(i.exmc_ecc_get), (12 bytes).
    Removing gd32f20x_exmc.o(i.exmc_flag_clear), (52 bytes).
    Removing gd32f20x_exmc.o(i.exmc_flag_get), (52 bytes).
    Removing gd32f20x_exmc.o(i.exmc_interrupt_disable), (56 bytes).
    Removing gd32f20x_exmc.o(i.exmc_interrupt_enable), (56 bytes).
    Removing gd32f20x_exmc.o(i.exmc_interrupt_flag_clear), (56 bytes).
    Removing gd32f20x_exmc.o(i.exmc_interrupt_flag_get), (72 bytes).
    Removing gd32f20x_exmc.o(i.exmc_nand_deinit), (42 bytes).
    Removing gd32f20x_exmc.o(i.exmc_nand_disable), (22 bytes).
    Removing gd32f20x_exmc.o(i.exmc_nand_ecc_config), (48 bytes).
    Removing gd32f20x_exmc.o(i.exmc_nand_enable), (22 bytes).
    Removing gd32f20x_exmc.o(i.exmc_nand_init), (174 bytes).
    Removing gd32f20x_exmc.o(i.exmc_nand_struct_para_init), (54 bytes).
    Removing gd32f20x_exmc.o(i.exmc_norsram_deinit), (36 bytes).
    Removing gd32f20x_exmc.o(i.exmc_norsram_disable), (22 bytes).
    Removing gd32f20x_exmc.o(i.exmc_norsram_enable), (22 bytes).
    Removing gd32f20x_exmc.o(i.exmc_norsram_init), (268 bytes).
    Removing gd32f20x_exmc.o(i.exmc_norsram_struct_para_init), (106 bytes).
    Removing gd32f20x_exmc.o(i.exmc_pccard_deinit), (36 bytes).
    Removing gd32f20x_exmc.o(i.exmc_pccard_disable), (24 bytes).
    Removing gd32f20x_exmc.o(i.exmc_pccard_enable), (24 bytes).
    Removing gd32f20x_exmc.o(i.exmc_pccard_init), (192 bytes).
    Removing gd32f20x_exmc.o(i.exmc_pccard_struct_para_init), (60 bytes).
    Removing gd32f20x_exmc.o(i.exmc_sdram_autorefresh_number_set), (32 bytes).
    Removing gd32f20x_exmc.o(i.exmc_sdram_bankstatus_get), (32 bytes).
    Removing gd32f20x_exmc.o(i.exmc_sdram_command_config), (28 bytes).
    Removing gd32f20x_exmc.o(i.exmc_sdram_deinit), (56 bytes).
    Removing gd32f20x_exmc.o(i.exmc_sdram_init), (284 bytes).
    Removing gd32f20x_exmc.o(i.exmc_sdram_readsample_config), (40 bytes).
    Removing gd32f20x_exmc.o(i.exmc_sdram_readsample_disable), (24 bytes).
    Removing gd32f20x_exmc.o(i.exmc_sdram_readsample_enable), (24 bytes).
    Removing gd32f20x_exmc.o(i.exmc_sdram_refresh_count_set), (36 bytes).
    Removing gd32f20x_exmc.o(i.exmc_sdram_struct_command_para_init), (16 bytes).
    Removing gd32f20x_exmc.o(i.exmc_sdram_struct_para_init), (66 bytes).
    Removing gd32f20x_exmc.o(i.exmc_sdram_write_protection_config), (64 bytes).
    Removing gd32f20x_exmc.o(i.exmc_sqpipsram_deinit), (44 bytes).
    Removing gd32f20x_exmc.o(i.exmc_sqpipsram_high_id_get), (12 bytes).
    Removing gd32f20x_exmc.o(i.exmc_sqpipsram_init), (24 bytes).
    Removing gd32f20x_exmc.o(i.exmc_sqpipsram_low_id_get), (12 bytes).
    Removing gd32f20x_exmc.o(i.exmc_sqpipsram_read_command_set), (28 bytes).
    Removing gd32f20x_exmc.o(i.exmc_sqpipsram_read_id_command_send), (24 bytes).
    Removing gd32f20x_exmc.o(i.exmc_sqpipsram_send_command_state_get), (48 bytes).
    Removing gd32f20x_exmc.o(i.exmc_sqpipsram_struct_para_init), (20 bytes).
    Removing gd32f20x_exmc.o(i.exmc_sqpipsram_write_cmd_send), (24 bytes).
    Removing gd32f20x_exmc.o(i.exmc_sqpipsram_write_command_set), (28 bytes).
    Removing gd32f20x_exti.o(.rev16_text), (4 bytes).
    Removing gd32f20x_exti.o(.revsh_text), (4 bytes).
    Removing gd32f20x_exti.o(i.exti_deinit), (28 bytes).
    Removing gd32f20x_exti.o(i.exti_event_disable), (16 bytes).
    Removing gd32f20x_exti.o(i.exti_event_enable), (16 bytes).
    Removing gd32f20x_exti.o(i.exti_flag_clear), (12 bytes).
    Removing gd32f20x_exti.o(i.exti_flag_get), (24 bytes).
    Removing gd32f20x_exti.o(i.exti_init), (188 bytes).
    Removing gd32f20x_exti.o(i.exti_interrupt_disable), (16 bytes).
    Removing gd32f20x_exti.o(i.exti_interrupt_enable), (16 bytes).
    Removing gd32f20x_exti.o(i.exti_interrupt_flag_clear), (12 bytes).
    Removing gd32f20x_exti.o(i.exti_interrupt_flag_get), (24 bytes).
    Removing gd32f20x_exti.o(i.exti_software_interrupt_disable), (16 bytes).
    Removing gd32f20x_exti.o(i.exti_software_interrupt_enable), (16 bytes).
    Removing gd32f20x_fmc.o(.rev16_text), (4 bytes).
    Removing gd32f20x_fmc.o(.revsh_text), (4 bytes).
    Removing gd32f20x_fmc.o(i.fmc_bank0_erase), (68 bytes).
    Removing gd32f20x_fmc.o(i.fmc_bank0_lock), (20 bytes).
    Removing gd32f20x_fmc.o(i.fmc_bank0_ready_wait), (34 bytes).
    Removing gd32f20x_fmc.o(i.fmc_bank0_state_get), (48 bytes).
    Removing gd32f20x_fmc.o(i.fmc_bank0_unlock), (36 bytes).
    Removing gd32f20x_fmc.o(i.fmc_bank1_erase), (68 bytes).
    Removing gd32f20x_fmc.o(i.fmc_bank1_lock), (20 bytes).
    Removing gd32f20x_fmc.o(i.fmc_bank1_ready_wait), (34 bytes).
    Removing gd32f20x_fmc.o(i.fmc_bank1_state_get), (48 bytes).
    Removing gd32f20x_fmc.o(i.fmc_bank1_unlock), (36 bytes).
    Removing gd32f20x_fmc.o(i.fmc_flag_clear), (32 bytes).
    Removing gd32f20x_fmc.o(i.fmc_flag_get), (36 bytes).
    Removing gd32f20x_fmc.o(i.fmc_halfword_program), (192 bytes).
    Removing gd32f20x_fmc.o(i.fmc_interrupt_disable), (32 bytes).
    Removing gd32f20x_fmc.o(i.fmc_interrupt_enable), (32 bytes).
    Removing gd32f20x_fmc.o(i.fmc_interrupt_flag_clear), (32 bytes).
    Removing gd32f20x_fmc.o(i.fmc_interrupt_flag_get), (108 bytes).
    Removing gd32f20x_fmc.o(i.fmc_lock), (44 bytes).
    Removing gd32f20x_fmc.o(i.fmc_mass_erase), (196 bytes).
    Removing gd32f20x_fmc.o(i.fmc_page_erase), (248 bytes).
    Removing gd32f20x_fmc.o(i.fmc_unlock), (68 bytes).
    Removing gd32f20x_fmc.o(i.fmc_word_program), (192 bytes).
    Removing gd32f20x_fmc.o(i.fmc_wscnt_set), (24 bytes).
    Removing gd32f20x_fmc.o(i.ob_data_get), (16 bytes).
    Removing gd32f20x_fmc.o(i.ob_data_program), (68 bytes).
    Removing gd32f20x_fmc.o(i.ob_erase), (140 bytes).
    Removing gd32f20x_fmc.o(i.ob_lock), (20 bytes).
    Removing gd32f20x_fmc.o(i.ob_security_protection_config), (132 bytes).
    Removing gd32f20x_fmc.o(i.ob_spc_get), (24 bytes).
    Removing gd32f20x_fmc.o(i.ob_unlock), (48 bytes).
    Removing gd32f20x_fmc.o(i.ob_user_get), (16 bytes).
    Removing gd32f20x_fmc.o(i.ob_user_write), (96 bytes).
    Removing gd32f20x_fmc.o(i.ob_write_protection_enable), (168 bytes).
    Removing gd32f20x_fmc.o(i.ob_write_protection_get), (12 bytes).
    Removing gd32f20x_fwdgt.o(.rev16_text), (4 bytes).
    Removing gd32f20x_fwdgt.o(.revsh_text), (4 bytes).
    Removing gd32f20x_fwdgt.o(i.fwdgt_config), (104 bytes).
    Removing gd32f20x_fwdgt.o(i.fwdgt_counter_reload), (16 bytes).
    Removing gd32f20x_fwdgt.o(i.fwdgt_enable), (16 bytes).
    Removing gd32f20x_fwdgt.o(i.fwdgt_flag_get), (24 bytes).
    Removing gd32f20x_fwdgt.o(i.fwdgt_prescaler_value_config), (60 bytes).
    Removing gd32f20x_fwdgt.o(i.fwdgt_reload_value_config), (64 bytes).
    Removing gd32f20x_fwdgt.o(i.fwdgt_write_disable), (12 bytes).
    Removing gd32f20x_fwdgt.o(i.fwdgt_write_enable), (16 bytes).
    Removing gd32f20x_gpio.o(.rev16_text), (4 bytes).
    Removing gd32f20x_gpio.o(.revsh_text), (4 bytes).
    Removing gd32f20x_gpio.o(i.gpio_afio_deinit), (20 bytes).
    Removing gd32f20x_gpio.o(i.gpio_bit_write), (10 bytes).
    Removing gd32f20x_gpio.o(i.gpio_deinit), (244 bytes).
    Removing gd32f20x_gpio.o(i.gpio_ethernet_phy_select), (28 bytes).
    Removing gd32f20x_gpio.o(i.gpio_event_output_config), (28 bytes).
    Removing gd32f20x_gpio.o(i.gpio_event_output_disable), (20 bytes).
    Removing gd32f20x_gpio.o(i.gpio_event_output_enable), (20 bytes).
    Removing gd32f20x_gpio.o(i.gpio_exti_source_select), (152 bytes).
    Removing gd32f20x_gpio.o(i.gpio_input_bit_get), (16 bytes).
    Removing gd32f20x_gpio.o(i.gpio_input_port_get), (8 bytes).
    Removing gd32f20x_gpio.o(i.gpio_output_bit_get), (16 bytes).
    Removing gd32f20x_gpio.o(i.gpio_output_port_get), (8 bytes).
    Removing gd32f20x_gpio.o(i.gpio_pin_lock), (18 bytes).
    Removing gd32f20x_gpio.o(i.gpio_pin_remap1_config), (124 bytes).
    Removing gd32f20x_gpio.o(i.gpio_pin_remap_config), (144 bytes).
    Removing gd32f20x_gpio.o(i.gpio_port_write), (4 bytes).
    Removing gd32f20x_hau.o(.rev16_text), (4 bytes).
    Removing gd32f20x_hau.o(.revsh_text), (4 bytes).
    Removing gd32f20x_hau.o(i.hau_data_write), (12 bytes).
    Removing gd32f20x_hau.o(i.hau_deinit), (20 bytes).
    Removing gd32f20x_hau.o(i.hau_digest_calculation_enable), (20 bytes).
    Removing gd32f20x_hau.o(i.hau_digest_read), (72 bytes).
    Removing gd32f20x_hau.o(i.hau_dma_disable), (20 bytes).
    Removing gd32f20x_hau.o(i.hau_dma_enable), (20 bytes).
    Removing gd32f20x_hau.o(i.hau_flag_clear), (12 bytes).
    Removing gd32f20x_hau.o(i.hau_flag_get), (40 bytes).
    Removing gd32f20x_hau.o(i.hau_infifo_words_num_get), (16 bytes).
    Removing gd32f20x_hau.o(i.hau_init), (84 bytes).
    Removing gd32f20x_hau.o(i.hau_init_struct_para_init), (12 bytes).
    Removing gd32f20x_hau.o(i.hau_interrupt_disable), (16 bytes).
    Removing gd32f20x_hau.o(i.hau_interrupt_enable), (16 bytes).
    Removing gd32f20x_hau.o(i.hau_interrupt_flag_clear), (12 bytes).
    Removing gd32f20x_hau.o(i.hau_interrupt_flag_get), (28 bytes).
    Removing gd32f20x_hau.o(i.hau_last_word_validbits_num_config), (32 bytes).
    Removing gd32f20x_hau.o(i.hau_multiple_single_dma_config), (28 bytes).
    Removing gd32f20x_hau.o(i.hau_reset), (20 bytes).
    Removing gd32f20x_hau_sha_md5.o(.rev16_text), (4 bytes).
    Removing gd32f20x_hau_sha_md5.o(.revsh_text), (4 bytes).
    Removing gd32f20x_hau_sha_md5.o(i.hau_hash_calculate), (142 bytes).
    Removing gd32f20x_hau_sha_md5.o(i.hau_hash_md5), (32 bytes).
    Removing gd32f20x_hau_sha_md5.o(i.hau_hash_sha_1), (32 bytes).
    Removing gd32f20x_hau_sha_md5.o(i.hau_hash_sha_224), (34 bytes).
    Removing gd32f20x_hau_sha_md5.o(i.hau_hash_sha_256), (36 bytes).
    Removing gd32f20x_hau_sha_md5.o(i.hau_hmac_calculate), (304 bytes).
    Removing gd32f20x_hau_sha_md5.o(i.hau_hmac_md5), (44 bytes).
    Removing gd32f20x_hau_sha_md5.o(i.hau_hmac_sha_1), (44 bytes).
    Removing gd32f20x_hau_sha_md5.o(i.hau_hmac_sha_224), (46 bytes).
    Removing gd32f20x_hau_sha_md5.o(i.hau_hmac_sha_256), (48 bytes).
    Removing gd32f20x_hau_sha_md5.o(i.hau_sha_md5_digest_read), (258 bytes).
    Removing gd32f20x_i2c.o(.rev16_text), (4 bytes).
    Removing gd32f20x_i2c.o(.revsh_text), (4 bytes).
    Removing gd32f20x_i2c.o(i.i2c_ack_config), (16 bytes).
    Removing gd32f20x_i2c.o(i.i2c_ackpos_config), (16 bytes).
    Removing gd32f20x_i2c.o(i.i2c_clock_config), (228 bytes).
    Removing gd32f20x_i2c.o(i.i2c_data_receive), (8 bytes).
    Removing gd32f20x_i2c.o(i.i2c_data_transmit), (6 bytes).
    Removing gd32f20x_i2c.o(i.i2c_deinit), (88 bytes).
    Removing gd32f20x_i2c.o(i.i2c_disable), (10 bytes).
    Removing gd32f20x_i2c.o(i.i2c_dma_config), (16 bytes).
    Removing gd32f20x_i2c.o(i.i2c_dma_last_transfer_config), (16 bytes).
    Removing gd32f20x_i2c.o(i.i2c_dualaddr_disable), (10 bytes).
    Removing gd32f20x_i2c.o(i.i2c_dualaddr_enable), (12 bytes).
    Removing gd32f20x_i2c.o(i.i2c_enable), (10 bytes).
    Removing gd32f20x_i2c.o(i.i2c_flag_clear), (40 bytes).
    Removing gd32f20x_i2c.o(i.i2c_flag_get), (30 bytes).
    Removing gd32f20x_i2c.o(i.i2c_interrupt_disable), (26 bytes).
    Removing gd32f20x_i2c.o(i.i2c_interrupt_enable), (26 bytes).
    Removing gd32f20x_i2c.o(i.i2c_interrupt_flag_clear), (44 bytes).
    Removing gd32f20x_i2c.o(i.i2c_interrupt_flag_get), (92 bytes).
    Removing gd32f20x_i2c.o(i.i2c_master_addressing), (20 bytes).
    Removing gd32f20x_i2c.o(i.i2c_mode_addr_config), (28 bytes).
    Removing gd32f20x_i2c.o(i.i2c_pec_config), (16 bytes).
    Removing gd32f20x_i2c.o(i.i2c_pec_transfer_config), (16 bytes).
    Removing gd32f20x_i2c.o(i.i2c_pec_value_get), (10 bytes).
    Removing gd32f20x_i2c.o(i.i2c_slave_response_to_gcall_config), (16 bytes).
    Removing gd32f20x_i2c.o(i.i2c_smbus_alert_config), (16 bytes).
    Removing gd32f20x_i2c.o(i.i2c_smbus_arp_config), (16 bytes).
    Removing gd32f20x_i2c.o(i.i2c_smbus_type_config), (24 bytes).
    Removing gd32f20x_i2c.o(i.i2c_software_reset_config), (16 bytes).
    Removing gd32f20x_i2c.o(i.i2c_start_on_bus), (10 bytes).
    Removing gd32f20x_i2c.o(i.i2c_stop_on_bus), (10 bytes).
    Removing gd32f20x_i2c.o(i.i2c_stretch_scl_low_config), (16 bytes).
    Removing gd32f20x_misc.o(.rev16_text), (4 bytes).
    Removing gd32f20x_misc.o(.revsh_text), (4 bytes).
    Removing gd32f20x_misc.o(i.nvic_irq_disable), (24 bytes).
    Removing gd32f20x_misc.o(i.nvic_irq_enable), (172 bytes).
    Removing gd32f20x_misc.o(i.nvic_priority_group_set), (20 bytes).
    Removing gd32f20x_misc.o(i.nvic_vector_table_set), (24 bytes).
    Removing gd32f20x_misc.o(i.system_lowpower_reset), (16 bytes).
    Removing gd32f20x_misc.o(i.system_lowpower_set), (16 bytes).
    Removing gd32f20x_pmu.o(.rev16_text), (4 bytes).
    Removing gd32f20x_pmu.o(.revsh_text), (4 bytes).
    Removing gd32f20x_pmu.o(i.pmu_backup_write_disable), (20 bytes).
    Removing gd32f20x_pmu.o(i.pmu_backup_write_enable), (20 bytes).
    Removing gd32f20x_pmu.o(i.pmu_deinit), (20 bytes).
    Removing gd32f20x_pmu.o(i.pmu_flag_clear), (48 bytes).
    Removing gd32f20x_pmu.o(i.pmu_flag_get), (24 bytes).
    Removing gd32f20x_pmu.o(i.pmu_lvd_disable), (20 bytes).
    Removing gd32f20x_pmu.o(i.pmu_lvd_select), (48 bytes).
    Removing gd32f20x_pmu.o(i.pmu_to_deepsleepmode), (196 bytes).
    Removing gd32f20x_pmu.o(i.pmu_to_sleepmode), (28 bytes).
    Removing gd32f20x_pmu.o(i.pmu_to_standbymode), (100 bytes).
    Removing gd32f20x_pmu.o(i.pmu_wakeup_pin_disable), (20 bytes).
    Removing gd32f20x_pmu.o(i.pmu_wakeup_pin_enable), (20 bytes).
    Removing gd32f20x_pmu.o(.bss), (16 bytes).
    Removing gd32f20x_rcu.o(.rev16_text), (4 bytes).
    Removing gd32f20x_rcu.o(.revsh_text), (4 bytes).
    Removing gd32f20x_rcu.o(i.rcu_adc_clock_config), (76 bytes).
    Removing gd32f20x_rcu.o(i.rcu_ahb_clock_config), (24 bytes).
    Removing gd32f20x_rcu.o(i.rcu_all_reset_flag_clear), (20 bytes).
    Removing gd32f20x_rcu.o(i.rcu_apb1_clock_config), (24 bytes).
    Removing gd32f20x_rcu.o(i.rcu_apb2_clock_config), (24 bytes).
    Removing gd32f20x_rcu.o(i.rcu_bkp_reset_disable), (20 bytes).
    Removing gd32f20x_rcu.o(i.rcu_bkp_reset_enable), (20 bytes).
    Removing gd32f20x_rcu.o(i.rcu_ckout0_config), (44 bytes).
    Removing gd32f20x_rcu.o(i.rcu_ckout1_config), (36 bytes).
    Removing gd32f20x_rcu.o(i.rcu_clock_freq_get), (364 bytes).
    Removing gd32f20x_rcu.o(i.rcu_deepsleep_voltage_set), (16 bytes).
    Removing gd32f20x_rcu.o(i.rcu_deinit), (172 bytes).
    Removing gd32f20x_rcu.o(i.rcu_flag_get), (36 bytes).
    Removing gd32f20x_rcu.o(i.rcu_hxtal_clock_monitor_disable), (20 bytes).
    Removing gd32f20x_rcu.o(i.rcu_hxtal_clock_monitor_enable), (20 bytes).
    Removing gd32f20x_rcu.o(i.rcu_i2s1_clock_config), (24 bytes).
    Removing gd32f20x_rcu.o(i.rcu_i2s2_clock_config), (24 bytes).
    Removing gd32f20x_rcu.o(i.rcu_interrupt_disable), (32 bytes).
    Removing gd32f20x_rcu.o(i.rcu_interrupt_enable), (32 bytes).
    Removing gd32f20x_rcu.o(i.rcu_interrupt_flag_clear), (32 bytes).
    Removing gd32f20x_rcu.o(i.rcu_interrupt_flag_get), (36 bytes).
    Removing gd32f20x_rcu.o(i.rcu_irc8m_adjust_value_set), (28 bytes).
    Removing gd32f20x_rcu.o(i.rcu_lxtal_drive_capability_config), (24 bytes).
    Removing gd32f20x_rcu.o(i.rcu_osci_bypass_mode_disable), (112 bytes).
    Removing gd32f20x_rcu.o(i.rcu_osci_bypass_mode_enable), (112 bytes).
    Removing gd32f20x_rcu.o(i.rcu_osci_off), (32 bytes).
    Removing gd32f20x_rcu.o(i.rcu_osci_on), (32 bytes).
    Removing gd32f20x_rcu.o(i.rcu_osci_stab_wait), (348 bytes).
    Removing gd32f20x_rcu.o(i.rcu_periph_clock_disable), (32 bytes).
    Removing gd32f20x_rcu.o(i.rcu_periph_clock_sleep_disable), (32 bytes).
    Removing gd32f20x_rcu.o(i.rcu_periph_clock_sleep_enable), (32 bytes).
    Removing gd32f20x_rcu.o(i.rcu_periph_reset_disable), (32 bytes).
    Removing gd32f20x_rcu.o(i.rcu_periph_reset_enable), (32 bytes).
    Removing gd32f20x_rcu.o(i.rcu_pll1_config), (28 bytes).
    Removing gd32f20x_rcu.o(i.rcu_pll2_config), (28 bytes).
    Removing gd32f20x_rcu.o(i.rcu_pll_config), (32 bytes).
    Removing gd32f20x_rcu.o(i.rcu_pllt_config), (28 bytes).
    Removing gd32f20x_rcu.o(i.rcu_pllt_vco_config), (100 bytes).
    Removing gd32f20x_rcu.o(i.rcu_predv0_config), (32 bytes).
    Removing gd32f20x_rcu.o(i.rcu_predv1_config), (24 bytes).
    Removing gd32f20x_rcu.o(i.rcu_rtc_clock_config), (24 bytes).
    Removing gd32f20x_rcu.o(i.rcu_system_clock_source_config), (24 bytes).
    Removing gd32f20x_rcu.o(i.rcu_system_clock_source_get), (16 bytes).
    Removing gd32f20x_rcu.o(i.rcu_tli_clock_config), (28 bytes).
    Removing gd32f20x_rcu.o(i.rcu_usbfs_trng_clock_config), (24 bytes).
    Removing gd32f20x_rtc.o(.rev16_text), (4 bytes).
    Removing gd32f20x_rtc.o(.revsh_text), (4 bytes).
    Removing gd32f20x_rtc.o(i.rtc_alarm_config), (32 bytes).
    Removing gd32f20x_rtc.o(i.rtc_configuration_mode_enter), (20 bytes).
    Removing gd32f20x_rtc.o(i.rtc_configuration_mode_exit), (20 bytes).
    Removing gd32f20x_rtc.o(i.rtc_counter_get), (20 bytes).
    Removing gd32f20x_rtc.o(i.rtc_counter_set), (32 bytes).
    Removing gd32f20x_rtc.o(i.rtc_divider_get), (24 bytes).
    Removing gd32f20x_rtc.o(i.rtc_flag_clear), (16 bytes).
    Removing gd32f20x_rtc.o(i.rtc_flag_get), (24 bytes).
    Removing gd32f20x_rtc.o(i.rtc_interrupt_disable), (16 bytes).
    Removing gd32f20x_rtc.o(i.rtc_interrupt_enable), (16 bytes).
    Removing gd32f20x_rtc.o(i.rtc_lwoff_wait), (20 bytes).
    Removing gd32f20x_rtc.o(i.rtc_prescaler_set), (32 bytes).
    Removing gd32f20x_rtc.o(i.rtc_register_sync_wait), (32 bytes).
    Removing gd32f20x_sdio.o(.rev16_text), (4 bytes).
    Removing gd32f20x_sdio.o(.revsh_text), (4 bytes).
    Removing gd32f20x_sdio.o(i.sdio_bus_mode_set), (28 bytes).
    Removing gd32f20x_sdio.o(i.sdio_ceata_command_completion_disable), (20 bytes).
    Removing gd32f20x_sdio.o(i.sdio_ceata_command_completion_enable), (20 bytes).
    Removing gd32f20x_sdio.o(i.sdio_ceata_command_disable), (20 bytes).
    Removing gd32f20x_sdio.o(i.sdio_ceata_command_enable), (20 bytes).
    Removing gd32f20x_sdio.o(i.sdio_ceata_interrupt_disable), (20 bytes).
    Removing gd32f20x_sdio.o(i.sdio_ceata_interrupt_enable), (20 bytes).
    Removing gd32f20x_sdio.o(i.sdio_clock_config), (52 bytes).
    Removing gd32f20x_sdio.o(i.sdio_clock_disable), (20 bytes).
    Removing gd32f20x_sdio.o(i.sdio_clock_enable), (20 bytes).
    Removing gd32f20x_sdio.o(i.sdio_command_index_get), (12 bytes).
    Removing gd32f20x_sdio.o(i.sdio_command_response_config), (44 bytes).
    Removing gd32f20x_sdio.o(i.sdio_csm_disable), (20 bytes).
    Removing gd32f20x_sdio.o(i.sdio_csm_enable), (20 bytes).
    Removing gd32f20x_sdio.o(i.sdio_data_config), (52 bytes).
    Removing gd32f20x_sdio.o(i.sdio_data_counter_get), (12 bytes).
    Removing gd32f20x_sdio.o(i.sdio_data_read), (12 bytes).
    Removing gd32f20x_sdio.o(i.sdio_data_transfer_config), (28 bytes).
    Removing gd32f20x_sdio.o(i.sdio_data_write), (12 bytes).
    Removing gd32f20x_sdio.o(i.sdio_deinit), (28 bytes).
    Removing gd32f20x_sdio.o(i.sdio_dma_disable), (20 bytes).
    Removing gd32f20x_sdio.o(i.sdio_dma_enable), (20 bytes).
    Removing gd32f20x_sdio.o(i.sdio_dsm_disable), (20 bytes).
    Removing gd32f20x_sdio.o(i.sdio_dsm_enable), (20 bytes).
    Removing gd32f20x_sdio.o(i.sdio_fifo_counter_get), (12 bytes).
    Removing gd32f20x_sdio.o(i.sdio_flag_clear), (12 bytes).
    Removing gd32f20x_sdio.o(i.sdio_flag_get), (20 bytes).
    Removing gd32f20x_sdio.o(i.sdio_hardware_clock_disable), (20 bytes).
    Removing gd32f20x_sdio.o(i.sdio_hardware_clock_enable), (20 bytes).
    Removing gd32f20x_sdio.o(i.sdio_interrupt_disable), (16 bytes).
    Removing gd32f20x_sdio.o(i.sdio_interrupt_enable), (16 bytes).
    Removing gd32f20x_sdio.o(i.sdio_interrupt_flag_clear), (12 bytes).
    Removing gd32f20x_sdio.o(i.sdio_interrupt_flag_get), (36 bytes).
    Removing gd32f20x_sdio.o(i.sdio_operation_disable), (20 bytes).
    Removing gd32f20x_sdio.o(i.sdio_operation_enable), (20 bytes).
    Removing gd32f20x_sdio.o(i.sdio_power_state_get), (12 bytes).
    Removing gd32f20x_sdio.o(i.sdio_power_state_set), (12 bytes).
    Removing gd32f20x_sdio.o(i.sdio_readwait_disable), (20 bytes).
    Removing gd32f20x_sdio.o(i.sdio_readwait_enable), (20 bytes).
    Removing gd32f20x_sdio.o(i.sdio_readwait_type_set), (40 bytes).
    Removing gd32f20x_sdio.o(i.sdio_response_get), (56 bytes).
    Removing gd32f20x_sdio.o(i.sdio_stop_readwait_disable), (20 bytes).
    Removing gd32f20x_sdio.o(i.sdio_stop_readwait_enable), (20 bytes).
    Removing gd32f20x_sdio.o(i.sdio_suspend_disable), (20 bytes).
    Removing gd32f20x_sdio.o(i.sdio_suspend_enable), (20 bytes).
    Removing gd32f20x_sdio.o(i.sdio_wait_type_set), (28 bytes).
    Removing gd32f20x_spi.o(.rev16_text), (4 bytes).
    Removing gd32f20x_spi.o(.revsh_text), (4 bytes).
    Removing gd32f20x_spi.o(i.i2s_disable), (10 bytes).
    Removing gd32f20x_spi.o(i.i2s_enable), (10 bytes).
    Removing gd32f20x_spi.o(i.i2s_init), (28 bytes).
    Removing gd32f20x_spi.o(i.i2s_psc_config), (248 bytes).
    Removing gd32f20x_spi.o(i.spi_bidirectional_transfer_config), (26 bytes).
    Removing gd32f20x_spi.o(i.spi_crc_error_clear), (8 bytes).
    Removing gd32f20x_spi.o(i.spi_crc_get), (16 bytes).
    Removing gd32f20x_spi.o(i.spi_crc_next), (10 bytes).
    Removing gd32f20x_spi.o(i.spi_crc_off), (10 bytes).
    Removing gd32f20x_spi.o(i.spi_crc_on), (10 bytes).
    Removing gd32f20x_spi.o(i.spi_crc_polynomial_get), (8 bytes).
    Removing gd32f20x_spi.o(i.spi_crc_polynomial_set), (4 bytes).
    Removing gd32f20x_spi.o(i.spi_disable), (10 bytes).
    Removing gd32f20x_spi.o(i.spi_dma_disable), (22 bytes).
    Removing gd32f20x_spi.o(i.spi_dma_enable), (22 bytes).
    Removing gd32f20x_spi.o(i.spi_enable), (10 bytes).
    Removing gd32f20x_spi.o(i.spi_i2s_data_frame_format_config), (16 bytes).
    Removing gd32f20x_spi.o(i.spi_i2s_data_receive), (8 bytes).
    Removing gd32f20x_spi.o(i.spi_i2s_data_transmit), (4 bytes).
    Removing gd32f20x_spi.o(i.spi_i2s_deinit), (88 bytes).
    Removing gd32f20x_spi.o(i.spi_i2s_flag_get), (16 bytes).
    Removing gd32f20x_spi.o(i.spi_i2s_interrupt_disable), (8 bytes).
    Removing gd32f20x_spi.o(i.spi_i2s_interrupt_enable), (8 bytes).
    Removing gd32f20x_spi.o(i.spi_i2s_interrupt_flag_get), (100 bytes).
    Removing gd32f20x_spi.o(i.spi_init), (50 bytes).
    Removing gd32f20x_spi.o(i.spi_nss_internal_high), (10 bytes).
    Removing gd32f20x_spi.o(i.spi_nss_internal_low), (10 bytes).
    Removing gd32f20x_spi.o(i.spi_nss_output_disable), (10 bytes).
    Removing gd32f20x_spi.o(i.spi_nss_output_enable), (10 bytes).
    Removing gd32f20x_spi.o(i.spi_quad_disable), (14 bytes).
    Removing gd32f20x_spi.o(i.spi_quad_enable), (14 bytes).
    Removing gd32f20x_spi.o(i.spi_quad_io23_output_disable), (14 bytes).
    Removing gd32f20x_spi.o(i.spi_quad_io23_output_enable), (14 bytes).
    Removing gd32f20x_spi.o(i.spi_quad_read_enable), (14 bytes).
    Removing gd32f20x_spi.o(i.spi_quad_write_enable), (14 bytes).
    Removing gd32f20x_spi.o(i.spi_struct_para_init), (18 bytes).
    Removing gd32f20x_timer.o(.rev16_text), (4 bytes).
    Removing gd32f20x_timer.o(.revsh_text), (4 bytes).
    Removing gd32f20x_timer.o(i.timer_auto_reload_shadow_disable), (10 bytes).
    Removing gd32f20x_timer.o(i.timer_auto_reload_shadow_enable), (10 bytes).
    Removing gd32f20x_timer.o(i.timer_automatic_output_disable), (10 bytes).
    Removing gd32f20x_timer.o(i.timer_automatic_output_enable), (10 bytes).
    Removing gd32f20x_timer.o(i.timer_autoreload_value_config), (4 bytes).
    Removing gd32f20x_timer.o(i.timer_break_config), (30 bytes).
    Removing gd32f20x_timer.o(i.timer_break_disable), (10 bytes).
    Removing gd32f20x_timer.o(i.timer_break_enable), (10 bytes).
    Removing gd32f20x_timer.o(i.timer_break_struct_para_init), (18 bytes).
    Removing gd32f20x_timer.o(i.timer_channel_capture_value_register_read), (42 bytes).
    Removing gd32f20x_timer.o(i.timer_channel_complementary_output_polarity_config), (70 bytes).
    Removing gd32f20x_timer.o(i.timer_channel_complementary_output_state_config), (70 bytes).
    Removing gd32f20x_timer.o(i.timer_channel_control_shadow_config), (24 bytes).
    Removing gd32f20x_timer.o(i.timer_channel_control_shadow_update_config), (26 bytes).
    Removing gd32f20x_timer.o(i.timer_channel_dma_request_source_select), (26 bytes).
    Removing gd32f20x_timer.o(i.timer_channel_input_capture_prescaler_config), (90 bytes).
    Removing gd32f20x_timer.o(i.timer_channel_input_struct_para_init), (16 bytes).
    Removing gd32f20x_timer.o(i.timer_channel_output_clear_config), (90 bytes).
    Removing gd32f20x_timer.o(i.timer_channel_output_config), (492 bytes).
    Removing gd32f20x_timer.o(i.timer_channel_output_fast_config), (90 bytes).
    Removing gd32f20x_timer.o(i.timer_channel_output_mode_config), (90 bytes).
    Removing gd32f20x_timer.o(i.timer_channel_output_polarity_config), (92 bytes).
    Removing gd32f20x_timer.o(i.timer_channel_output_pulse_value_config), (38 bytes).
    Removing gd32f20x_timer.o(i.timer_channel_output_shadow_config), (90 bytes).
    Removing gd32f20x_timer.o(i.timer_channel_output_state_config), (92 bytes).
    Removing gd32f20x_timer.o(i.timer_channel_output_struct_para_init), (16 bytes).
    Removing gd32f20x_timer.o(i.timer_counter_alignment), (16 bytes).
    Removing gd32f20x_timer.o(i.timer_counter_down_direction), (10 bytes).
    Removing gd32f20x_timer.o(i.timer_counter_read), (8 bytes).
    Removing gd32f20x_timer.o(i.timer_counter_up_direction), (10 bytes).
    Removing gd32f20x_timer.o(i.timer_counter_value_config), (4 bytes).
    Removing gd32f20x_timer.o(i.timer_deinit), (388 bytes).
    Removing gd32f20x_timer.o(i.timer_disable), (10 bytes).
    Removing gd32f20x_timer.o(i.timer_dma_disable), (8 bytes).
    Removing gd32f20x_timer.o(i.timer_dma_enable), (8 bytes).
    Removing gd32f20x_timer.o(i.timer_dma_transfer_config), (24 bytes).
    Removing gd32f20x_timer.o(i.timer_enable), (10 bytes).
    Removing gd32f20x_timer.o(i.timer_event_software_generate), (8 bytes).
    Removing gd32f20x_timer.o(i.timer_external_clock_mode0_config), (42 bytes).
    Removing gd32f20x_timer.o(i.timer_external_clock_mode1_config), (32 bytes).
    Removing gd32f20x_timer.o(i.timer_external_clock_mode1_disable), (10 bytes).
    Removing gd32f20x_timer.o(i.timer_external_trigger_as_external_clock_config), (168 bytes).
    Removing gd32f20x_timer.o(i.timer_external_trigger_config), (30 bytes).
    Removing gd32f20x_timer.o(i.timer_flag_clear), (6 bytes).
    Removing gd32f20x_timer.o(i.timer_flag_get), (16 bytes).
    Removing gd32f20x_timer.o(i.timer_hall_mode_config), (26 bytes).
    Removing gd32f20x_timer.o(i.timer_init), (224 bytes).
    Removing gd32f20x_timer.o(i.timer_input_capture_config), (326 bytes).
    Removing gd32f20x_timer.o(i.timer_input_pwm_capture_config), (356 bytes).
    Removing gd32f20x_timer.o(i.timer_input_trigger_source_select), (14 bytes).
    Removing gd32f20x_timer.o(i.timer_internal_clock_config), (10 bytes).
    Removing gd32f20x_timer.o(i.timer_internal_trigger_as_external_clock_config), (32 bytes).
    Removing gd32f20x_timer.o(i.timer_interrupt_disable), (8 bytes).
    Removing gd32f20x_timer.o(i.timer_interrupt_enable), (8 bytes).
    Removing gd32f20x_timer.o(i.timer_interrupt_flag_clear), (6 bytes).
    Removing gd32f20x_timer.o(i.timer_interrupt_flag_get), (24 bytes).
    Removing gd32f20x_timer.o(i.timer_master_output_trigger_source_select), (16 bytes).
    Removing gd32f20x_timer.o(i.timer_master_slave_mode_config), (26 bytes).
    Removing gd32f20x_timer.o(i.timer_prescaler_config), (14 bytes).
    Removing gd32f20x_timer.o(i.timer_prescaler_read), (10 bytes).
    Removing gd32f20x_timer.o(i.timer_primary_output_config), (24 bytes).
    Removing gd32f20x_timer.o(i.timer_quadrature_decoder_mode_config), (64 bytes).
    Removing gd32f20x_timer.o(i.timer_repetition_value_config), (4 bytes).
    Removing gd32f20x_timer.o(i.timer_single_pulse_mode_config), (26 bytes).
    Removing gd32f20x_timer.o(i.timer_slave_mode_select), (16 bytes).
    Removing gd32f20x_timer.o(i.timer_struct_para_init), (22 bytes).
    Removing gd32f20x_timer.o(i.timer_update_event_disable), (10 bytes).
    Removing gd32f20x_timer.o(i.timer_update_event_enable), (10 bytes).
    Removing gd32f20x_timer.o(i.timer_update_source_config), (26 bytes).
    Removing gd32f20x_tli.o(.rev16_text), (4 bytes).
    Removing gd32f20x_tli.o(.revsh_text), (4 bytes).
    Removing gd32f20x_tli.o(i.tli_color_key_disable), (14 bytes).
    Removing gd32f20x_tli.o(i.tli_color_key_enable), (14 bytes).
    Removing gd32f20x_tli.o(i.tli_color_key_init), (16 bytes).
    Removing gd32f20x_tli.o(i.tli_current_pos_get), (12 bytes).
    Removing gd32f20x_tli.o(i.tli_deinit), (20 bytes).
    Removing gd32f20x_tli.o(i.tli_disable), (20 bytes).
    Removing gd32f20x_tli.o(i.tli_dither_config), (36 bytes).
    Removing gd32f20x_tli.o(i.tli_enable), (20 bytes).
    Removing gd32f20x_tli.o(i.tli_flag_get), (36 bytes).
    Removing gd32f20x_tli.o(i.tli_init), (188 bytes).
    Removing gd32f20x_tli.o(i.tli_interrupt_disable), (16 bytes).
    Removing gd32f20x_tli.o(i.tli_interrupt_enable), (16 bytes).
    Removing gd32f20x_tli.o(i.tli_interrupt_flag_clear), (16 bytes).
    Removing gd32f20x_tli.o(i.tli_interrupt_flag_get), (36 bytes).
    Removing gd32f20x_tli.o(i.tli_layer_disable), (14 bytes).
    Removing gd32f20x_tli.o(i.tli_layer_enable), (14 bytes).
    Removing gd32f20x_tli.o(i.tli_layer_init), (152 bytes).
    Removing gd32f20x_tli.o(i.tli_layer_struct_para_init), (48 bytes).
    Removing gd32f20x_tli.o(i.tli_layer_window_offset_modify), (228 bytes).
    Removing gd32f20x_tli.o(i.tli_line_mark_set), (24 bytes).
    Removing gd32f20x_tli.o(i.tli_lut_disable), (14 bytes).
    Removing gd32f20x_tli.o(i.tli_lut_enable), (14 bytes).
    Removing gd32f20x_tli.o(i.tli_lut_init), (28 bytes).
    Removing gd32f20x_tli.o(i.tli_lut_struct_para_init), (12 bytes).
    Removing gd32f20x_tli.o(i.tli_reload_config), (36 bytes).
    Removing gd32f20x_tli.o(i.tli_struct_para_init), (34 bytes).
    Removing gd32f20x_trng.o(.rev16_text), (4 bytes).
    Removing gd32f20x_trng.o(.revsh_text), (4 bytes).
    Removing gd32f20x_trng.o(i.trng_deinit), (20 bytes).
    Removing gd32f20x_trng.o(i.trng_disable), (20 bytes).
    Removing gd32f20x_trng.o(i.trng_enable), (20 bytes).
    Removing gd32f20x_trng.o(i.trng_flag_get), (24 bytes).
    Removing gd32f20x_trng.o(i.trng_get_true_random_data), (12 bytes).
    Removing gd32f20x_trng.o(i.trng_interrupt_disable), (20 bytes).
    Removing gd32f20x_trng.o(i.trng_interrupt_enable), (20 bytes).
    Removing gd32f20x_trng.o(i.trng_interrupt_flag_clear), (16 bytes).
    Removing gd32f20x_trng.o(i.trng_interrupt_flag_get), (24 bytes).
    Removing gd32f20x_usart.o(.rev16_text), (4 bytes).
    Removing gd32f20x_usart.o(.revsh_text), (4 bytes).
    Removing gd32f20x_usart.o(i.usart_address_config), (20 bytes).
    Removing gd32f20x_usart.o(i.usart_baudrate_set), (196 bytes).
    Removing gd32f20x_usart.o(i.usart_block_length_config), (28 bytes).
    Removing gd32f20x_usart.o(i.usart_data_first_config), (20 bytes).
    Removing gd32f20x_usart.o(i.usart_data_receive), (10 bytes).
    Removing gd32f20x_usart.o(i.usart_data_transmit), (8 bytes).
    Removing gd32f20x_usart.o(i.usart_deinit), (220 bytes).
    Removing gd32f20x_usart.o(i.usart_disable), (10 bytes).
    Removing gd32f20x_usart.o(i.usart_dma_receive_config), (20 bytes).
    Removing gd32f20x_usart.o(i.usart_dma_transmit_config), (20 bytes).
    Removing gd32f20x_usart.o(i.usart_enable), (10 bytes).
    Removing gd32f20x_usart.o(i.usart_flag_clear), (18 bytes).
    Removing gd32f20x_usart.o(i.usart_flag_get), (30 bytes).
    Removing gd32f20x_usart.o(i.usart_guard_time_config), (24 bytes).
    Removing gd32f20x_usart.o(i.usart_halfduplex_disable), (10 bytes).
    Removing gd32f20x_usart.o(i.usart_halfduplex_enable), (10 bytes).
    Removing gd32f20x_usart.o(i.usart_hardware_flow_cts_config), (20 bytes).
    Removing gd32f20x_usart.o(i.usart_hardware_flow_rts_config), (20 bytes).
    Removing gd32f20x_usart.o(i.usart_interrupt_disable), (26 bytes).
    Removing gd32f20x_usart.o(i.usart_interrupt_enable), (26 bytes).
    Removing gd32f20x_usart.o(i.usart_interrupt_flag_clear), (18 bytes).
    Removing gd32f20x_usart.o(i.usart_interrupt_flag_get), (56 bytes).
    Removing gd32f20x_usart.o(i.usart_invert_config), (104 bytes).
    Removing gd32f20x_usart.o(i.usart_irda_lowpower_config), (20 bytes).
    Removing gd32f20x_usart.o(i.usart_irda_mode_disable), (10 bytes).
    Removing gd32f20x_usart.o(i.usart_irda_mode_enable), (10 bytes).
    Removing gd32f20x_usart.o(i.usart_lin_break_detection_length_config), (20 bytes).
    Removing gd32f20x_usart.o(i.usart_lin_mode_disable), (10 bytes).
    Removing gd32f20x_usart.o(i.usart_lin_mode_enable), (10 bytes).
    Removing gd32f20x_usart.o(i.usart_mute_mode_disable), (10 bytes).
    Removing gd32f20x_usart.o(i.usart_mute_mode_enable), (10 bytes).
    Removing gd32f20x_usart.o(i.usart_mute_mode_wakeup_config), (16 bytes).
    Removing gd32f20x_usart.o(i.usart_parity_config), (16 bytes).
    Removing gd32f20x_usart.o(i.usart_prescaler_config), (16 bytes).
    Removing gd32f20x_usart.o(i.usart_receive_config), (20 bytes).
    Removing gd32f20x_usart.o(i.usart_receiver_timeout_disable), (14 bytes).
    Removing gd32f20x_usart.o(i.usart_receiver_timeout_enable), (14 bytes).
    Removing gd32f20x_usart.o(i.usart_receiver_timeout_threshold_config), (20 bytes).
    Removing gd32f20x_usart.o(i.usart_send_break), (10 bytes).
    Removing gd32f20x_usart.o(i.usart_smartcard_autoretry_config), (26 bytes).
    Removing gd32f20x_usart.o(i.usart_smartcard_mode_disable), (10 bytes).
    Removing gd32f20x_usart.o(i.usart_smartcard_mode_enable), (10 bytes).
    Removing gd32f20x_usart.o(i.usart_smartcard_mode_nack_disable), (10 bytes).
    Removing gd32f20x_usart.o(i.usart_smartcard_mode_nack_enable), (10 bytes).
    Removing gd32f20x_usart.o(i.usart_stop_bit_set), (16 bytes).
    Removing gd32f20x_usart.o(i.usart_synchronous_clock_config), (34 bytes).
    Removing gd32f20x_usart.o(i.usart_synchronous_clock_disable), (10 bytes).
    Removing gd32f20x_usart.o(i.usart_synchronous_clock_enable), (10 bytes).
    Removing gd32f20x_usart.o(i.usart_transmit_config), (20 bytes).
    Removing gd32f20x_usart.o(i.usart_word_length_set), (16 bytes).
    Removing gd32f20x_wwdgt.o(.rev16_text), (4 bytes).
    Removing gd32f20x_wwdgt.o(.revsh_text), (4 bytes).
    Removing gd32f20x_wwdgt.o(i.wwdgt_config), (28 bytes).
    Removing gd32f20x_wwdgt.o(i.wwdgt_counter_update), (16 bytes).
    Removing gd32f20x_wwdgt.o(i.wwdgt_deinit), (20 bytes).
    Removing gd32f20x_wwdgt.o(i.wwdgt_enable), (20 bytes).
    Removing gd32f20x_wwdgt.o(i.wwdgt_flag_clear), (12 bytes).
    Removing gd32f20x_wwdgt.o(i.wwdgt_flag_get), (24 bytes).
    Removing gd32f20x_wwdgt.o(i.wwdgt_interrupt_enable), (20 bytes).
    Removing gd32f20x_wwdgt.o(i.wwdgt_interrupt_flag_get), (36 bytes).
    Removing system_gd32f20x.o(.rev16_text), (4 bytes).
    Removing system_gd32f20x.o(.revsh_text), (4 bytes).
    Removing system_gd32f20x.o(i.SystemCoreClockUpdate), (284 bytes).
    Removing startup_gd32f20x_cl.o(HEAP), (8192 bytes).

862 unused section(s) (total 60840 bytes) removed from the image.

==============================================================================

Image Symbol Table

    Local Symbols

    Symbol Name                              Value     Ov Type        Size  Object(Section)

    ../clib/microlib/division.c              0x00000000   Number         0  uldiv.o ABSOLUTE
    ../clib/microlib/init/entry.s            0x00000000   Number         0  entry10a.o ABSOLUTE
    ../clib/microlib/init/entry.s            0x00000000   Number         0  entry2.o ABSOLUTE
    ../clib/microlib/init/entry.s            0x00000000   Number         0  entry5.o ABSOLUTE
    ../clib/microlib/init/entry.s            0x00000000   Number         0  entry7a.o ABSOLUTE
    ../clib/microlib/init/entry.s            0x00000000   Number         0  entry8a.o ABSOLUTE
    ../clib/microlib/init/entry.s            0x00000000   Number         0  entry8b.o ABSOLUTE
    ../clib/microlib/init/entry.s            0x00000000   Number         0  entry9a.o ABSOLUTE
    ../clib/microlib/init/entry.s            0x00000000   Number         0  entry12b.o ABSOLUTE
    ../clib/microlib/init/entry.s            0x00000000   Number         0  entry12a.o ABSOLUTE
    ../clib/microlib/init/entry.s            0x00000000   Number         0  entry11b.o ABSOLUTE
    ../clib/microlib/init/entry.s            0x00000000   Number         0  entry11a.o ABSOLUTE
    ../clib/microlib/init/entry.s            0x00000000   Number         0  entry10b.o ABSOLUTE
    ../clib/microlib/init/entry.s            0x00000000   Number         0  entry9b.o ABSOLUTE
    ../clib/microlib/init/entry.s            0x00000000   Number         0  entry.o ABSOLUTE
    ../clib/microlib/init/entry.s            0x00000000   Number         0  entry7b.o ABSOLUTE
    ../clib/microlib/longlong.c              0x00000000   Number         0  llshl.o ABSOLUTE
    ../clib/microlib/longlong.c              0x00000000   Number         0  llushr.o ABSOLUTE
    ..\GD32F20x_Firmware_Library\CMSIS\GD\GD32F20x\Source\system_gd32f20x.c 0x00000000   Number         0  system_gd32f20x.o ABSOLUTE
    ..\GD32F20x_Firmware_Library\GD32F20x_standard_peripheral\Source\gd32f20x_adc.c 0x00000000   Number         0  gd32f20x_adc.o ABSOLUTE
    ..\GD32F20x_Firmware_Library\GD32F20x_standard_peripheral\Source\gd32f20x_bkp.c 0x00000000   Number         0  gd32f20x_bkp.o ABSOLUTE
    ..\GD32F20x_Firmware_Library\GD32F20x_standard_peripheral\Source\gd32f20x_can.c 0x00000000   Number         0  gd32f20x_can.o ABSOLUTE
    ..\GD32F20x_Firmware_Library\GD32F20x_standard_peripheral\Source\gd32f20x_cau.c 0x00000000   Number         0  gd32f20x_cau.o ABSOLUTE
    ..\GD32F20x_Firmware_Library\GD32F20x_standard_peripheral\Source\gd32f20x_cau_aes.c 0x00000000   Number         0  gd32f20x_cau_aes.o ABSOLUTE
    ..\GD32F20x_Firmware_Library\GD32F20x_standard_peripheral\Source\gd32f20x_cau_des.c 0x00000000   Number         0  gd32f20x_cau_des.o ABSOLUTE
    ..\GD32F20x_Firmware_Library\GD32F20x_standard_peripheral\Source\gd32f20x_cau_tdes.c 0x00000000   Number         0  gd32f20x_cau_tdes.o ABSOLUTE
    ..\GD32F20x_Firmware_Library\GD32F20x_standard_peripheral\Source\gd32f20x_crc.c 0x00000000   Number         0  gd32f20x_crc.o ABSOLUTE
    ..\GD32F20x_Firmware_Library\GD32F20x_standard_peripheral\Source\gd32f20x_dac.c 0x00000000   Number         0  gd32f20x_dac.o ABSOLUTE
    ..\GD32F20x_Firmware_Library\GD32F20x_standard_peripheral\Source\gd32f20x_dbg.c 0x00000000   Number         0  gd32f20x_dbg.o ABSOLUTE
    ..\GD32F20x_Firmware_Library\GD32F20x_standard_peripheral\Source\gd32f20x_dci.c 0x00000000   Number         0  gd32f20x_dci.o ABSOLUTE
    ..\GD32F20x_Firmware_Library\GD32F20x_standard_peripheral\Source\gd32f20x_dma.c 0x00000000   Number         0  gd32f20x_dma.o ABSOLUTE
    ..\GD32F20x_Firmware_Library\GD32F20x_standard_peripheral\Source\gd32f20x_enet.c 0x00000000   Number         0  gd32f20x_enet.o ABSOLUTE
    ..\GD32F20x_Firmware_Library\GD32F20x_standard_peripheral\Source\gd32f20x_exmc.c 0x00000000   Number         0  gd32f20x_exmc.o ABSOLUTE
    ..\GD32F20x_Firmware_Library\GD32F20x_standard_peripheral\Source\gd32f20x_exti.c 0x00000000   Number         0  gd32f20x_exti.o ABSOLUTE
    ..\GD32F20x_Firmware_Library\GD32F20x_standard_peripheral\Source\gd32f20x_fmc.c 0x00000000   Number         0  gd32f20x_fmc.o ABSOLUTE
    ..\GD32F20x_Firmware_Library\GD32F20x_standard_peripheral\Source\gd32f20x_fwdgt.c 0x00000000   Number         0  gd32f20x_fwdgt.o ABSOLUTE
    ..\GD32F20x_Firmware_Library\GD32F20x_standard_peripheral\Source\gd32f20x_gpio.c 0x00000000   Number         0  gd32f20x_gpio.o ABSOLUTE
    ..\GD32F20x_Firmware_Library\GD32F20x_standard_peripheral\Source\gd32f20x_hau.c 0x00000000   Number         0  gd32f20x_hau.o ABSOLUTE
    ..\GD32F20x_Firmware_Library\GD32F20x_standard_peripheral\Source\gd32f20x_hau_sha_md5.c 0x00000000   Number         0  gd32f20x_hau_sha_md5.o ABSOLUTE
    ..\GD32F20x_Firmware_Library\GD32F20x_standard_peripheral\Source\gd32f20x_i2c.c 0x00000000   Number         0  gd32f20x_i2c.o ABSOLUTE
    ..\GD32F20x_Firmware_Library\GD32F20x_standard_peripheral\Source\gd32f20x_misc.c 0x00000000   Number         0  gd32f20x_misc.o ABSOLUTE
    ..\GD32F20x_Firmware_Library\GD32F20x_standard_peripheral\Source\gd32f20x_pmu.c 0x00000000   Number         0  gd32f20x_pmu.o ABSOLUTE
    ..\GD32F20x_Firmware_Library\GD32F20x_standard_peripheral\Source\gd32f20x_rcu.c 0x00000000   Number         0  gd32f20x_rcu.o ABSOLUTE
    ..\GD32F20x_Firmware_Library\GD32F20x_standard_peripheral\Source\gd32f20x_rtc.c 0x00000000   Number         0  gd32f20x_rtc.o ABSOLUTE
    ..\GD32F20x_Firmware_Library\GD32F20x_standard_peripheral\Source\gd32f20x_sdio.c 0x00000000   Number         0  gd32f20x_sdio.o ABSOLUTE
    ..\GD32F20x_Firmware_Library\GD32F20x_standard_peripheral\Source\gd32f20x_spi.c 0x00000000   Number         0  gd32f20x_spi.o ABSOLUTE
    ..\GD32F20x_Firmware_Library\GD32F20x_standard_peripheral\Source\gd32f20x_timer.c 0x00000000   Number         0  gd32f20x_timer.o ABSOLUTE
    ..\GD32F20x_Firmware_Library\GD32F20x_standard_peripheral\Source\gd32f20x_tli.c 0x00000000   Number         0  gd32f20x_tli.o ABSOLUTE
    ..\GD32F20x_Firmware_Library\GD32F20x_standard_peripheral\Source\gd32f20x_trng.c 0x00000000   Number         0  gd32f20x_trng.o ABSOLUTE
    ..\GD32F20x_Firmware_Library\GD32F20x_standard_peripheral\Source\gd32f20x_usart.c 0x00000000   Number         0  gd32f20x_usart.o ABSOLUTE
    ..\GD32F20x_Firmware_Library\GD32F20x_standard_peripheral\Source\gd32f20x_wwdgt.c 0x00000000   Number         0  gd32f20x_wwdgt.o ABSOLUTE
    ..\Startup\startup_gd32f20x_cl.s         0x00000000   Number         0  startup_gd32f20x_cl.o ABSOLUTE
    ..\USER\gd32f20x_it.c                    0x00000000   Number         0  gd32f20x_it.o ABSOLUTE
    ..\USER\main.c                           0x00000000   Number         0  main.o ABSOLUTE
    ..\USER\systick.c                        0x00000000   Number         0  systick.o ABSOLUTE
    ..\\GD32F20x_Firmware_Library\\CMSIS\\GD\\GD32F20x\\Source\\system_gd32f20x.c 0x00000000   Number         0  system_gd32f20x.o ABSOLUTE
    ..\\GD32F20x_Firmware_Library\\GD32F20x_standard_peripheral\\Source\\gd32f20x_adc.c 0x00000000   Number         0  gd32f20x_adc.o ABSOLUTE
    ..\\GD32F20x_Firmware_Library\\GD32F20x_standard_peripheral\\Source\\gd32f20x_bkp.c 0x00000000   Number         0  gd32f20x_bkp.o ABSOLUTE
    ..\\GD32F20x_Firmware_Library\\GD32F20x_standard_peripheral\\Source\\gd32f20x_can.c 0x00000000   Number         0  gd32f20x_can.o ABSOLUTE
    ..\\GD32F20x_Firmware_Library\\GD32F20x_standard_peripheral\\Source\\gd32f20x_cau.c 0x00000000   Number         0  gd32f20x_cau.o ABSOLUTE
    ..\\GD32F20x_Firmware_Library\\GD32F20x_standard_peripheral\\Source\\gd32f20x_cau_aes.c 0x00000000   Number         0  gd32f20x_cau_aes.o ABSOLUTE
    ..\\GD32F20x_Firmware_Library\\GD32F20x_standard_peripheral\\Source\\gd32f20x_cau_des.c 0x00000000   Number         0  gd32f20x_cau_des.o ABSOLUTE
    ..\\GD32F20x_Firmware_Library\\GD32F20x_standard_peripheral\\Source\\gd32f20x_cau_tdes.c 0x00000000   Number         0  gd32f20x_cau_tdes.o ABSOLUTE
    ..\\GD32F20x_Firmware_Library\\GD32F20x_standard_peripheral\\Source\\gd32f20x_crc.c 0x00000000   Number         0  gd32f20x_crc.o ABSOLUTE
    ..\\GD32F20x_Firmware_Library\\GD32F20x_standard_peripheral\\Source\\gd32f20x_dac.c 0x00000000   Number         0  gd32f20x_dac.o ABSOLUTE
    ..\\GD32F20x_Firmware_Library\\GD32F20x_standard_peripheral\\Source\\gd32f20x_dbg.c 0x00000000   Number         0  gd32f20x_dbg.o ABSOLUTE
    ..\\GD32F20x_Firmware_Library\\GD32F20x_standard_peripheral\\Source\\gd32f20x_dci.c 0x00000000   Number         0  gd32f20x_dci.o ABSOLUTE
    ..\\GD32F20x_Firmware_Library\\GD32F20x_standard_peripheral\\Source\\gd32f20x_dma.c 0x00000000   Number         0  gd32f20x_dma.o ABSOLUTE
    ..\\GD32F20x_Firmware_Library\\GD32F20x_standard_peripheral\\Source\\gd32f20x_enet.c 0x00000000   Number         0  gd32f20x_enet.o ABSOLUTE
    ..\\GD32F20x_Firmware_Library\\GD32F20x_standard_peripheral\\Source\\gd32f20x_exmc.c 0x00000000   Number         0  gd32f20x_exmc.o ABSOLUTE
    ..\\GD32F20x_Firmware_Library\\GD32F20x_standard_peripheral\\Source\\gd32f20x_exti.c 0x00000000   Number         0  gd32f20x_exti.o ABSOLUTE
    ..\\GD32F20x_Firmware_Library\\GD32F20x_standard_peripheral\\Source\\gd32f20x_fmc.c 0x00000000   Number         0  gd32f20x_fmc.o ABSOLUTE
    ..\\GD32F20x_Firmware_Library\\GD32F20x_standard_peripheral\\Source\\gd32f20x_fwdgt.c 0x00000000   Number         0  gd32f20x_fwdgt.o ABSOLUTE
    ..\\GD32F20x_Firmware_Library\\GD32F20x_standard_peripheral\\Source\\gd32f20x_gpio.c 0x00000000   Number         0  gd32f20x_gpio.o ABSOLUTE
    ..\\GD32F20x_Firmware_Library\\GD32F20x_standard_peripheral\\Source\\gd32f20x_hau.c 0x00000000   Number         0  gd32f20x_hau.o ABSOLUTE
    ..\\GD32F20x_Firmware_Library\\GD32F20x_standard_peripheral\\Source\\gd32f20x_hau_sha_md5.c 0x00000000   Number         0  gd32f20x_hau_sha_md5.o ABSOLUTE
    ..\\GD32F20x_Firmware_Library\\GD32F20x_standard_peripheral\\Source\\gd32f20x_i2c.c 0x00000000   Number         0  gd32f20x_i2c.o ABSOLUTE
    ..\\GD32F20x_Firmware_Library\\GD32F20x_standard_peripheral\\Source\\gd32f20x_misc.c 0x00000000   Number         0  gd32f20x_misc.o ABSOLUTE
    ..\\GD32F20x_Firmware_Library\\GD32F20x_standard_peripheral\\Source\\gd32f20x_pmu.c 0x00000000   Number         0  gd32f20x_pmu.o ABSOLUTE
    ..\\GD32F20x_Firmware_Library\\GD32F20x_standard_peripheral\\Source\\gd32f20x_rcu.c 0x00000000   Number         0  gd32f20x_rcu.o ABSOLUTE
    ..\\GD32F20x_Firmware_Library\\GD32F20x_standard_peripheral\\Source\\gd32f20x_rtc.c 0x00000000   Number         0  gd32f20x_rtc.o ABSOLUTE
    ..\\GD32F20x_Firmware_Library\\GD32F20x_standard_peripheral\\Source\\gd32f20x_sdio.c 0x00000000   Number         0  gd32f20x_sdio.o ABSOLUTE
    ..\\GD32F20x_Firmware_Library\\GD32F20x_standard_peripheral\\Source\\gd32f20x_spi.c 0x00000000   Number         0  gd32f20x_spi.o ABSOLUTE
    ..\\GD32F20x_Firmware_Library\\GD32F20x_standard_peripheral\\Source\\gd32f20x_timer.c 0x00000000   Number         0  gd32f20x_timer.o ABSOLUTE
    ..\\GD32F20x_Firmware_Library\\GD32F20x_standard_peripheral\\Source\\gd32f20x_tli.c 0x00000000   Number         0  gd32f20x_tli.o ABSOLUTE
    ..\\GD32F20x_Firmware_Library\\GD32F20x_standard_peripheral\\Source\\gd32f20x_trng.c 0x00000000   Number         0  gd32f20x_trng.o ABSOLUTE
    ..\\GD32F20x_Firmware_Library\\GD32F20x_standard_peripheral\\Source\\gd32f20x_usart.c 0x00000000   Number         0  gd32f20x_usart.o ABSOLUTE
    ..\\GD32F20x_Firmware_Library\\GD32F20x_standard_peripheral\\Source\\gd32f20x_wwdgt.c 0x00000000   Number         0  gd32f20x_wwdgt.o ABSOLUTE
    ..\\USER\\gd32f20x_it.c                  0x00000000   Number         0  gd32f20x_it.o ABSOLUTE
    ..\\USER\\main.c                         0x00000000   Number         0  main.o ABSOLUTE
    ..\\USER\\systick.c                      0x00000000   Number         0  systick.o ABSOLUTE
    dc.s                                     0x00000000   Number         0  dc.o ABSOLUTE
    handlers.s                               0x00000000   Number         0  handlers.o ABSOLUTE
    init.s                                   0x00000000   Number         0  init.o ABSOLUTE
    RESET                                    0x08000000   Section      424  startup_gd32f20x_cl.o(RESET)
    .ARM.Collect$$$$00000000                 0x080001a8   Section        0  entry.o(.ARM.Collect$$$$00000000)
    .ARM.Collect$$$$00000001                 0x080001a8   Section        4  entry2.o(.ARM.Collect$$$$00000001)
    .ARM.Collect$$$$00000004                 0x080001ac   Section        4  entry5.o(.ARM.Collect$$$$00000004)
    .ARM.Collect$$$$00000008                 0x080001b0   Section        0  entry7b.o(.ARM.Collect$$$$00000008)
    .ARM.Collect$$$$0000000A                 0x080001b0   Section        0  entry8b.o(.ARM.Collect$$$$0000000A)
    .ARM.Collect$$$$0000000B                 0x080001b0   Section        8  entry9a.o(.ARM.Collect$$$$0000000B)
    .ARM.Collect$$$$0000000E                 0x080001b8   Section        4  entry12b.o(.ARM.Collect$$$$0000000E)
    .ARM.Collect$$$$0000000F                 0x080001bc   Section        0  entry10a.o(.ARM.Collect$$$$0000000F)
    .ARM.Collect$$$$00000011                 0x080001bc   Section        0  entry11a.o(.ARM.Collect$$$$00000011)
    .ARM.Collect$$$$00002712                 0x080001bc   Section        4  entry2.o(.ARM.Collect$$$$00002712)
    __lit__00000000                          0x080001bc   Data           4  entry2.o(.ARM.Collect$$$$00002712)
    .text                                    0x080001c0   Section       36  startup_gd32f20x_cl.o(.text)
    .text                                    0x080001e4   Section       36  init.o(.text)
    i.BusFault_Handler                       0x08000208   Section        0  gd32f20x_it.o(i.BusFault_Handler)
    i.DebugMon_Handler                       0x0800020c   Section        0  gd32f20x_it.o(i.DebugMon_Handler)
    i.HardFault_Handler                      0x0800020e   Section        0  gd32f20x_it.o(i.HardFault_Handler)
    i.MemManage_Handler                      0x08000212   Section        0  gd32f20x_it.o(i.MemManage_Handler)
    i.NMI_Handler                            0x08000216   Section        0  gd32f20x_it.o(i.NMI_Handler)
    i.PendSV_Handler                         0x08000218   Section        0  gd32f20x_it.o(i.PendSV_Handler)
    i.SVC_Handler                            0x0800021a   Section        0  gd32f20x_it.o(i.SVC_Handler)
    i.SysTick_Handler                        0x0800021c   Section        0  gd32f20x_it.o(i.SysTick_Handler)
    i.SystemInit                             0x08000220   Section        0  system_gd32f20x.o(i.SystemInit)
    i.UsageFault_Handler                     0x080002b0   Section        0  gd32f20x_it.o(i.UsageFault_Handler)
    i.__scatterload_copy                     0x080002b4   Section       14  handlers.o(i.__scatterload_copy)
    i.__scatterload_null                     0x080002c2   Section        2  handlers.o(i.__scatterload_null)
    i.__scatterload_zeroinit                 0x080002c4   Section       14  handlers.o(i.__scatterload_zeroinit)
    i.delay_ms                               0x080002d4   Section        0  systick.o(i.delay_ms)
    i.gpio_bit_reset                         0x08000320   Section        0  gd32f20x_gpio.o(i.gpio_bit_reset)
    i.gpio_bit_set                           0x08000324   Section        0  gd32f20x_gpio.o(i.gpio_bit_set)
    i.gpio_init                              0x08000328   Section        0  gd32f20x_gpio.o(i.gpio_init)
    i.main                                   0x080003d4   Section        0  main.o(i.main)
    i.rcu_periph_clock_enable                0x08000424   Section        0  gd32f20x_rcu.o(i.rcu_periph_clock_enable)
    i.system_clock_120m_hxtal                0x08000444   Section        0  system_gd32f20x.o(i.system_clock_120m_hxtal)
    system_clock_120m_hxtal                  0x08000445   Thumb Code   210  system_gd32f20x.o(i.system_clock_120m_hxtal)
    i.system_clock_config                    0x08000528   Section        0  system_gd32f20x.o(i.system_clock_config)
    system_clock_config                      0x08000529   Thumb Code     8  system_gd32f20x.o(i.system_clock_config)
    i.systick_clksource_set                  0x08000530   Section        0  gd32f20x_misc.o(i.systick_clksource_set)
    i.systick_config                         0x08000558   Section        0  systick.o(i.systick_config)
    .data                                    0x20000000   Section        7  systick.o(.data)
    delay                                    0x20000000   Data           4  systick.o(.data)
    fac_ms                                   0x20000004   Data           2  systick.o(.data)
    fac_us                                   0x20000006   Data           1  systick.o(.data)
    .data                                    0x20000008   Section        4  system_gd32f20x.o(.data)
    STACK                                    0x20000010   Section     8192  startup_gd32f20x_cl.o(STACK)

    Global Symbols

    Symbol Name                              Value     Ov Type        Size  Object(Section)

    BuildAttributes$$THM_ISAv4$P$D$K$B$S$PE$A:L22UL41UL21$X:L11$S22US41US21$IEEE1$IW$USESV6$~STKCKD$USESV7$~SHL$OSPACE$EBA8$MICROLIB$REQ8$PRES8$EABIv2 0x00000000   Number         0  anon$$obj.o ABSOLUTE
    __ARM_use_no_argv                        0x00000000   Number         0  main.o ABSOLUTE
    __arm_fini_                               - Undefined Weak Reference
    __cpp_initialize__aeabi_                  - Undefined Weak Reference
    __cxa_finalize                            - Undefined Weak Reference
    __decompress                              - Undefined Weak Reference
    _clock_init                               - Undefined Weak Reference
    _microlib_exit                            - Undefined Weak Reference
    __Vectors_Size                           0x000001a8   Number         0  startup_gd32f20x_cl.o ABSOLUTE
    __Vectors                                0x08000000   Data           4  startup_gd32f20x_cl.o(RESET)
    __Vectors_End                            0x080001a8   Data           0  startup_gd32f20x_cl.o(RESET)
    __main                                   0x080001a9   Thumb Code     0  entry.o(.ARM.Collect$$$$00000000)
    _main_stk                                0x080001a9   Thumb Code     0  entry2.o(.ARM.Collect$$$$00000001)
    _main_scatterload                        0x080001ad   Thumb Code     0  entry5.o(.ARM.Collect$$$$00000004)
    __main_after_scatterload                 0x080001b1   Thumb Code     0  entry5.o(.ARM.Collect$$$$00000004)
    _main_clock                              0x080001b1   Thumb Code     0  entry7b.o(.ARM.Collect$$$$00000008)
    _main_cpp_init                           0x080001b1   Thumb Code     0  entry8b.o(.ARM.Collect$$$$0000000A)
    _main_init                               0x080001b1   Thumb Code     0  entry9a.o(.ARM.Collect$$$$0000000B)
    __rt_lib_shutdown_fini                   0x080001b9   Thumb Code     0  entry12b.o(.ARM.Collect$$$$0000000E)
    __rt_final_cpp                           0x080001bd   Thumb Code     0  entry10a.o(.ARM.Collect$$$$0000000F)
    __rt_final_exit                          0x080001bd   Thumb Code     0  entry11a.o(.ARM.Collect$$$$00000011)
    Reset_Handler                            0x080001c1   Thumb Code     8  startup_gd32f20x_cl.o(.text)
    ADC0_1_IRQHandler                        0x080001db   Thumb Code     0  startup_gd32f20x_cl.o(.text)
    ADC2_IRQHandler                          0x080001db   Thumb Code     0  startup_gd32f20x_cl.o(.text)
    CAN0_EWMC_IRQHandler                     0x080001db   Thumb Code     0  startup_gd32f20x_cl.o(.text)
    CAN0_RX0_IRQHandler                      0x080001db   Thumb Code     0  startup_gd32f20x_cl.o(.text)
    CAN0_RX1_IRQHandler                      0x080001db   Thumb Code     0  startup_gd32f20x_cl.o(.text)
    CAN0_TX_IRQHandler                       0x080001db   Thumb Code     0  startup_gd32f20x_cl.o(.text)
    CAN1_EWMC_IRQHandler                     0x080001db   Thumb Code     0  startup_gd32f20x_cl.o(.text)
    CAN1_RX0_IRQHandler                      0x080001db   Thumb Code     0  startup_gd32f20x_cl.o(.text)
    CAN1_RX1_IRQHandler                      0x080001db   Thumb Code     0  startup_gd32f20x_cl.o(.text)
    CAN1_TX_IRQHandler                       0x080001db   Thumb Code     0  startup_gd32f20x_cl.o(.text)
    CAU_IRQHandler                           0x080001db   Thumb Code     0  startup_gd32f20x_cl.o(.text)
    DCI_IRQHandler                           0x080001db   Thumb Code     0  startup_gd32f20x_cl.o(.text)
    DMA0_Channel0_IRQHandler                 0x080001db   Thumb Code     0  startup_gd32f20x_cl.o(.text)
    DMA0_Channel1_IRQHandler                 0x080001db   Thumb Code     0  startup_gd32f20x_cl.o(.text)
    DMA0_Channel2_IRQHandler                 0x080001db   Thumb Code     0  startup_gd32f20x_cl.o(.text)
    DMA0_Channel3_IRQHandler                 0x080001db   Thumb Code     0  startup_gd32f20x_cl.o(.text)
    DMA0_Channel4_IRQHandler                 0x080001db   Thumb Code     0  startup_gd32f20x_cl.o(.text)
    DMA0_Channel5_IRQHandler                 0x080001db   Thumb Code     0  startup_gd32f20x_cl.o(.text)
    DMA0_Channel6_IRQHandler                 0x080001db   Thumb Code     0  startup_gd32f20x_cl.o(.text)
    DMA1_Channel0_IRQHandler                 0x080001db   Thumb Code     0  startup_gd32f20x_cl.o(.text)
    DMA1_Channel1_IRQHandler                 0x080001db   Thumb Code     0  startup_gd32f20x_cl.o(.text)
    DMA1_Channel2_IRQHandler                 0x080001db   Thumb Code     0  startup_gd32f20x_cl.o(.text)
    DMA1_Channel3_IRQHandler                 0x080001db   Thumb Code     0  startup_gd32f20x_cl.o(.text)
    DMA1_Channel4_IRQHandler                 0x080001db   Thumb Code     0  startup_gd32f20x_cl.o(.text)
    DMA1_Channel5_IRQHandler                 0x080001db   Thumb Code     0  startup_gd32f20x_cl.o(.text)
    DMA1_Channel6_IRQHandler                 0x080001db   Thumb Code     0  startup_gd32f20x_cl.o(.text)
    ENET_IRQHandler                          0x080001db   Thumb Code     0  startup_gd32f20x_cl.o(.text)
    ENET_WKUP_IRQHandler                     0x080001db   Thumb Code     0  startup_gd32f20x_cl.o(.text)
    EXMC_IRQHandler                          0x080001db   Thumb Code     0  startup_gd32f20x_cl.o(.text)
    EXTI0_IRQHandler                         0x080001db   Thumb Code     0  startup_gd32f20x_cl.o(.text)
    EXTI10_15_IRQHandler                     0x080001db   Thumb Code     0  startup_gd32f20x_cl.o(.text)
    EXTI1_IRQHandler                         0x080001db   Thumb Code     0  startup_gd32f20x_cl.o(.text)
    EXTI2_IRQHandler                         0x080001db   Thumb Code     0  startup_gd32f20x_cl.o(.text)
    EXTI3_IRQHandler                         0x080001db   Thumb Code     0  startup_gd32f20x_cl.o(.text)
    EXTI4_IRQHandler                         0x080001db   Thumb Code     0  startup_gd32f20x_cl.o(.text)
    EXTI5_9_IRQHandler                       0x080001db   Thumb Code     0  startup_gd32f20x_cl.o(.text)
    FMC_IRQHandler                           0x080001db   Thumb Code     0  startup_gd32f20x_cl.o(.text)
    HAU_TRNG_IRQHandler                      0x080001db   Thumb Code     0  startup_gd32f20x_cl.o(.text)
    I2C0_ER_IRQHandler                       0x080001db   Thumb Code     0  startup_gd32f20x_cl.o(.text)
    I2C0_EV_IRQHandler                       0x080001db   Thumb Code     0  startup_gd32f20x_cl.o(.text)
    I2C1_ER_IRQHandler                       0x080001db   Thumb Code     0  startup_gd32f20x_cl.o(.text)
    I2C1_EV_IRQHandler                       0x080001db   Thumb Code     0  startup_gd32f20x_cl.o(.text)
    I2C2_ER_IRQHandler                       0x080001db   Thumb Code     0  startup_gd32f20x_cl.o(.text)
    I2C2_EV_IRQHandler                       0x080001db   Thumb Code     0  startup_gd32f20x_cl.o(.text)
    LVD_IRQHandler                           0x080001db   Thumb Code     0  startup_gd32f20x_cl.o(.text)
    RCU_IRQHandler                           0x080001db   Thumb Code     0  startup_gd32f20x_cl.o(.text)
    RTC_Alarm_IRQHandler                     0x080001db   Thumb Code     0  startup_gd32f20x_cl.o(.text)
    RTC_IRQHandler                           0x080001db   Thumb Code     0  startup_gd32f20x_cl.o(.text)
    SDIO_IRQHandler                          0x080001db   Thumb Code     0  startup_gd32f20x_cl.o(.text)
    SPI0_IRQHandler                          0x080001db   Thumb Code     0  startup_gd32f20x_cl.o(.text)
    SPI1_IRQHandler                          0x080001db   Thumb Code     0  startup_gd32f20x_cl.o(.text)
    SPI2_IRQHandler                          0x080001db   Thumb Code     0  startup_gd32f20x_cl.o(.text)
    TAMPER_IRQHandler                        0x080001db   Thumb Code     0  startup_gd32f20x_cl.o(.text)
    TIMER0_BRK_TIMER8_IRQHandler             0x080001db   Thumb Code     0  startup_gd32f20x_cl.o(.text)
    TIMER0_Channel_IRQHandler                0x080001db   Thumb Code     0  startup_gd32f20x_cl.o(.text)
    TIMER0_TRG_CMT_TIMER10_IRQHandler        0x080001db   Thumb Code     0  startup_gd32f20x_cl.o(.text)
    TIMER0_UP_TIMER9_IRQHandler              0x080001db   Thumb Code     0  startup_gd32f20x_cl.o(.text)
    TIMER1_IRQHandler                        0x080001db   Thumb Code     0  startup_gd32f20x_cl.o(.text)
    TIMER2_IRQHandler                        0x080001db   Thumb Code     0  startup_gd32f20x_cl.o(.text)
    TIMER3_IRQHandler                        0x080001db   Thumb Code     0  startup_gd32f20x_cl.o(.text)
    TIMER4_IRQHandler                        0x080001db   Thumb Code     0  startup_gd32f20x_cl.o(.text)
    TIMER5_IRQHandler                        0x080001db   Thumb Code     0  startup_gd32f20x_cl.o(.text)
    TIMER6_IRQHandler                        0x080001db   Thumb Code     0  startup_gd32f20x_cl.o(.text)
    TIMER7_BRK_TIMER11_IRQHandler            0x080001db   Thumb Code     0  startup_gd32f20x_cl.o(.text)
    TIMER7_Channel_IRQHandler                0x080001db   Thumb Code     0  startup_gd32f20x_cl.o(.text)
    TIMER7_TRG_CMT_TIMER13_IRQHandler        0x080001db   Thumb Code     0  startup_gd32f20x_cl.o(.text)
    TIMER7_UP_TIMER12_IRQHandler             0x080001db   Thumb Code     0  startup_gd32f20x_cl.o(.text)
    TLI_ER_IRQHandler                        0x080001db   Thumb Code     0  startup_gd32f20x_cl.o(.text)
    TLI_IRQHandler                           0x080001db   Thumb Code     0  startup_gd32f20x_cl.o(.text)
    UART3_IRQHandler                         0x080001db   Thumb Code     0  startup_gd32f20x_cl.o(.text)
    UART4_IRQHandler                         0x080001db   Thumb Code     0  startup_gd32f20x_cl.o(.text)
    UART6_IRQHandler                         0x080001db   Thumb Code     0  startup_gd32f20x_cl.o(.text)
    UART7_IRQHandler                         0x080001db   Thumb Code     0  startup_gd32f20x_cl.o(.text)
    USART0_IRQHandler                        0x080001db   Thumb Code     0  startup_gd32f20x_cl.o(.text)
    USART1_IRQHandler                        0x080001db   Thumb Code     0  startup_gd32f20x_cl.o(.text)
    USART2_IRQHandler                        0x080001db   Thumb Code     0  startup_gd32f20x_cl.o(.text)
    USART5_IRQHandler                        0x080001db   Thumb Code     0  startup_gd32f20x_cl.o(.text)
    USBFS_IRQHandler                         0x080001db   Thumb Code     0  startup_gd32f20x_cl.o(.text)
    USBFS_WKUP_IRQHandler                    0x080001db   Thumb Code     0  startup_gd32f20x_cl.o(.text)
    WWDGT_IRQHandler                         0x080001db   Thumb Code     0  startup_gd32f20x_cl.o(.text)
    __scatterload                            0x080001e5   Thumb Code    28  init.o(.text)
    __scatterload_rt2                        0x080001e5   Thumb Code     0  init.o(.text)
    BusFault_Handler                         0x08000209   Thumb Code     4  gd32f20x_it.o(i.BusFault_Handler)
    DebugMon_Handler                         0x0800020d   Thumb Code     2  gd32f20x_it.o(i.DebugMon_Handler)
    HardFault_Handler                        0x0800020f   Thumb Code     4  gd32f20x_it.o(i.HardFault_Handler)
    MemManage_Handler                        0x08000213   Thumb Code     4  gd32f20x_it.o(i.MemManage_Handler)
    NMI_Handler                              0x08000217   Thumb Code     2  gd32f20x_it.o(i.NMI_Handler)
    PendSV_Handler                           0x08000219   Thumb Code     2  gd32f20x_it.o(i.PendSV_Handler)
    SVC_Handler                              0x0800021b   Thumb Code     2  gd32f20x_it.o(i.SVC_Handler)
    SysTick_Handler                          0x0800021d   Thumb Code     2  gd32f20x_it.o(i.SysTick_Handler)
    SystemInit                               0x08000221   Thumb Code   124  system_gd32f20x.o(i.SystemInit)
    UsageFault_Handler                       0x080002b1   Thumb Code     4  gd32f20x_it.o(i.UsageFault_Handler)
    __scatterload_copy                       0x080002b5   Thumb Code    14  handlers.o(i.__scatterload_copy)
    __scatterload_null                       0x080002c3   Thumb Code     2  handlers.o(i.__scatterload_null)
    __scatterload_zeroinit                   0x080002c5   Thumb Code    14  handlers.o(i.__scatterload_zeroinit)
    delay_ms                                 0x080002d5   Thumb Code    72  systick.o(i.delay_ms)
    gpio_bit_reset                           0x08000321   Thumb Code     4  gd32f20x_gpio.o(i.gpio_bit_reset)
    gpio_bit_set                             0x08000325   Thumb Code     4  gd32f20x_gpio.o(i.gpio_bit_set)
    gpio_init                                0x08000329   Thumb Code   172  gd32f20x_gpio.o(i.gpio_init)
    main                                     0x080003d5   Thumb Code    76  main.o(i.main)
    rcu_periph_clock_enable                  0x08000425   Thumb Code    28  gd32f20x_rcu.o(i.rcu_periph_clock_enable)
    systick_clksource_set                    0x08000531   Thumb Code    40  gd32f20x_misc.o(i.systick_clksource_set)
    systick_config                           0x08000559   Thumb Code    50  systick.o(i.systick_config)
    Region$$Table$$Base                      0x0800059c   Number         0  anon$$obj.o(Region$$Table)
    Region$$Table$$Limit                     0x080005bc   Number         0  anon$$obj.o(Region$$Table)
    SystemCoreClock                          0x20000008   Data           4  system_gd32f20x.o(.data)
    __initial_sp                             0x20002010   Data           0  startup_gd32f20x_cl.o(STACK)



==============================================================================

Memory Map of the image

  Image Entry point : 0x080001a9

  Load Region LR_IROM1 (Base: 0x08000000, Size: 0x000005c8, Max: 0x00040000, ABSOLUTE)

    Execution Region ER_IROM1 (Exec base: 0x08000000, Load base: 0x08000000, Size: 0x000005bc, Max: 0x00040000, ABSOLUTE)

    Exec Addr    Load Addr    Size         Type   Attr      Idx    E Section Name        Object

    0x08000000   0x08000000   0x000001a8   Data   RO         5559    RESET               startup_gd32f20x_cl.o
    0x080001a8   0x080001a8   0x00000000   Code   RO         5564  * .ARM.Collect$$$$00000000  mc_w.l(entry.o)
    0x080001a8   0x080001a8   0x00000004   Code   RO         5569    .ARM.Collect$$$$00000001  mc_w.l(entry2.o)
    0x080001ac   0x080001ac   0x00000004   Code   RO         5572    .ARM.Collect$$$$00000004  mc_w.l(entry5.o)
    0x080001b0   0x080001b0   0x00000000   Code   RO         5574    .ARM.Collect$$$$00000008  mc_w.l(entry7b.o)
    0x080001b0   0x080001b0   0x00000000   Code   RO         5576    .ARM.Collect$$$$0000000A  mc_w.l(entry8b.o)
    0x080001b0   0x080001b0   0x00000008   Code   RO         5577    .ARM.Collect$$$$0000000B  mc_w.l(entry9a.o)
    0x080001b8   0x080001b8   0x00000004   Code   RO         5584    .ARM.Collect$$$$0000000E  mc_w.l(entry12b.o)
    0x080001bc   0x080001bc   0x00000000   Code   RO         5579    .ARM.Collect$$$$0000000F  mc_w.l(entry10a.o)
    0x080001bc   0x080001bc   0x00000000   Code   RO         5581    .ARM.Collect$$$$00000011  mc_w.l(entry11a.o)
    0x080001bc   0x080001bc   0x00000004   Code   RO         5570    .ARM.Collect$$$$00002712  mc_w.l(entry2.o)
    0x080001c0   0x080001c0   0x00000024   Code   RO         5560    .text               startup_gd32f20x_cl.o
    0x080001e4   0x080001e4   0x00000024   Code   RO         5589    .text               mc_w.l(init.o)
    0x08000208   0x08000208   0x00000004   Code   RO            3    i.BusFault_Handler  gd32f20x_it.o
    0x0800020c   0x0800020c   0x00000002   Code   RO            4    i.DebugMon_Handler  gd32f20x_it.o
    0x0800020e   0x0800020e   0x00000004   Code   RO            5    i.HardFault_Handler  gd32f20x_it.o
    0x08000212   0x08000212   0x00000004   Code   RO            6    i.MemManage_Handler  gd32f20x_it.o
    0x08000216   0x08000216   0x00000002   Code   RO            7    i.NMI_Handler       gd32f20x_it.o
    0x08000218   0x08000218   0x00000002   Code   RO            8    i.PendSV_Handler    gd32f20x_it.o
    0x0800021a   0x0800021a   0x00000002   Code   RO            9    i.SVC_Handler       gd32f20x_it.o
    0x0800021c   0x0800021c   0x00000002   Code   RO           10    i.SysTick_Handler   gd32f20x_it.o
    0x0800021e   0x0800021e   0x00000002   PAD
    0x08000220   0x08000220   0x00000090   Code   RO         5518    i.SystemInit        system_gd32f20x.o
    0x080002b0   0x080002b0   0x00000004   Code   RO           11    i.UsageFault_Handler  gd32f20x_it.o
    0x080002b4   0x080002b4   0x0000000e   Code   RO         5593    i.__scatterload_copy  mc_w.l(handlers.o)
    0x080002c2   0x080002c2   0x00000002   Code   RO         5594    i.__scatterload_null  mc_w.l(handlers.o)
    0x080002c4   0x080002c4   0x0000000e   Code   RO         5595    i.__scatterload_zeroinit  mc_w.l(handlers.o)
    0x080002d2   0x080002d2   0x00000002   PAD
    0x080002d4   0x080002d4   0x0000004c   Code   RO          212    i.delay_ms          systick.o
    0x08000320   0x08000320   0x00000004   Code   RO         2904    i.gpio_bit_reset    gd32f20x_gpio.o
    0x08000324   0x08000324   0x00000004   Code   RO         2905    i.gpio_bit_set      gd32f20x_gpio.o
    0x08000328   0x08000328   0x000000ac   Code   RO         2913    i.gpio_init         gd32f20x_gpio.o
    0x080003d4   0x080003d4   0x00000050   Code   RO          190    i.main              main.o
    0x08000424   0x08000424   0x00000020   Code   RO         3602    i.rcu_periph_clock_enable  gd32f20x_rcu.o
    0x08000444   0x08000444   0x000000e4   Code   RO         5519    i.system_clock_120m_hxtal  system_gd32f20x.o
    0x08000528   0x08000528   0x00000008   Code   RO         5520    i.system_clock_config  system_gd32f20x.o
    0x08000530   0x08000530   0x00000028   Code   RO         3436    i.systick_clksource_set  gd32f20x_misc.o
    0x08000558   0x08000558   0x00000044   Code   RO          213    i.systick_config    systick.o
    0x0800059c   0x0800059c   0x00000020   Data   RO         5591    Region$$Table       anon$$obj.o


    Execution Region RW_IRAM1 (Exec base: 0x20000000, Load base: 0x080005bc, Size: 0x00002010, Max: 0x00020000, ABSOLUTE)

    Exec Addr    Load Addr    Size         Type   Attr      Idx    E Section Name        Object

    0x20000000   0x080005bc   0x00000007   Data   RW          214    .data               systick.o
    0x20000007   0x080005c3   0x00000001   PAD
    0x20000008   0x080005c4   0x00000004   Data   RW         5521    .data               system_gd32f20x.o
    0x2000000c   0x080005c8   0x00000004   PAD
    0x20000010        -       0x00002000   Zero   RW         5557    STACK               startup_gd32f20x_cl.o


==============================================================================

Image component sizes


      Code (inc. data)   RO Data    RW Data    ZI Data      Debug   Object Name

         0          0          0          0          0      23812   gd32f20x_adc.o
       180          0          0          0          0       2068   gd32f20x_gpio.o
        26          0          0          0          0       8166   gd32f20x_it.o
        40          0          0          0          0        592   gd32f20x_misc.o
        32          4          0          0          0        574   gd32f20x_rcu.o
        80          4          0          0          0        431   main.o
        36          8        424          0       8192        772   startup_gd32f20x_cl.o
       380         38          0          4          0       1947   system_gd32f20x.o
       144         22          0          7          0       1424   systick.o

    ----------------------------------------------------------------------
       920         76        456         12       8196      39786   Object Totals
         0          0         32          0          0          0   (incl. Generated)
         2          0          0          1          4          0   (incl. Padding)

    ----------------------------------------------------------------------

      Code (inc. data)   RO Data    RW Data    ZI Data      Debug   Library Member Name

         0          0          0          0          0          0   entry.o
         0          0          0          0          0          0   entry10a.o
         0          0          0          0          0          0   entry11a.o
         4          0          0          0          0          0   entry12b.o
         8          4          0          0          0          0   entry2.o
         4          0          0          0          0          0   entry5.o
         0          0          0          0          0          0   entry7b.o
         0          0          0          0          0          0   entry8b.o
         8          4          0          0          0          0   entry9a.o
        30          0          0          0          0          0   handlers.o
        36          8          0          0          0         68   init.o

    ----------------------------------------------------------------------
        92         16          0          0          0         68   Library Totals
         2          0          0          0          0          0   (incl. Padding)

    ----------------------------------------------------------------------

      Code (inc. data)   RO Data    RW Data    ZI Data      Debug   Library Name

        90         16          0          0          0         68   mc_w.l

    ----------------------------------------------------------------------
        92         16          0          0          0         68   Library Totals

    ----------------------------------------------------------------------

==============================================================================


      Code (inc. data)   RO Data    RW Data    ZI Data      Debug   

      1012         92        456         12       8196      39174   Grand Totals
      1012         92        456         12       8196      39174   ELF Image Totals
      1012         92        456         12          0          0   ROM Totals

==============================================================================

    Total RO  Size (Code + RO Data)                 1468 (   1.43kB)
    Total RW  Size (RW Data + ZI Data)              8208 (   8.02kB)
    Total ROM Size (Code + RO Data + RW Data)       1480 (   1.45kB)

==============================================================================

